ARM Linker, 5.03 [Build 76] [MDK-ARM Lite]

==============================================================================

Section Cross References

    stm32f0xx_adc.o(i.ADC_DeInit) refers to stm32f0xx_rcc.o(i.RCC_APB2PeriphResetCmd) for RCC_APB2PeriphResetCmd
    stm32f0xx_cec.o(i.CEC_DeInit) refers to stm32f0xx_rcc.o(i.RCC_APB1PeriphResetCmd) for RCC_APB1PeriphResetCmd
    stm32f0xx_dac.o(i.DAC_DeInit) refers to stm32f0xx_rcc.o(i.RCC_APB1PeriphResetCmd) for RCC_APB1PeriphResetCmd
    stm32f0xx_flash.o(i.FLASH_EraseAllPages) refers to stm32f0xx_flash.o(i.FLASH_WaitForLastOperation) for FLASH_WaitForLastOperation
    stm32f0xx_flash.o(i.FLASH_ErasePage) refers to stm32f0xx_flash.o(i.FLASH_WaitForLastOperation) for FLASH_WaitForLastOperation
    stm32f0xx_flash.o(i.FLASH_OB_BOOTConfig) refers to stm32f0xx_flash.o(i.FLASH_WaitForLastOperation) for FLASH_WaitForLastOperation
    stm32f0xx_flash.o(i.FLASH_OB_EnableWRP) refers to stm32f0xx_flash.o(i.FLASH_WaitForLastOperation) for FLASH_WaitForLastOperation
    stm32f0xx_flash.o(i.FLASH_OB_Erase) refers to stm32f0xx_flash.o(i.FLASH_OB_GetRDP) for FLASH_OB_GetRDP
    stm32f0xx_flash.o(i.FLASH_OB_Erase) refers to stm32f0xx_flash.o(i.FLASH_WaitForLastOperation) for FLASH_WaitForLastOperation
    stm32f0xx_flash.o(i.FLASH_OB_ProgramData) refers to stm32f0xx_flash.o(i.FLASH_WaitForLastOperation) for FLASH_WaitForLastOperation
    stm32f0xx_flash.o(i.FLASH_OB_RDPConfig) refers to stm32f0xx_flash.o(i.FLASH_WaitForLastOperation) for FLASH_WaitForLastOperation
    stm32f0xx_flash.o(i.FLASH_OB_SRAMParityConfig) refers to stm32f0xx_flash.o(i.FLASH_WaitForLastOperation) for FLASH_WaitForLastOperation
    stm32f0xx_flash.o(i.FLASH_OB_UserConfig) refers to stm32f0xx_flash.o(i.FLASH_WaitForLastOperation) for FLASH_WaitForLastOperation
    stm32f0xx_flash.o(i.FLASH_OB_VDDAConfig) refers to stm32f0xx_flash.o(i.FLASH_WaitForLastOperation) for FLASH_WaitForLastOperation
    stm32f0xx_flash.o(i.FLASH_OB_WriteUser) refers to stm32f0xx_flash.o(i.FLASH_WaitForLastOperation) for FLASH_WaitForLastOperation
    stm32f0xx_flash.o(i.FLASH_ProgramHalfWord) refers to stm32f0xx_flash.o(i.FLASH_WaitForLastOperation) for FLASH_WaitForLastOperation
    stm32f0xx_flash.o(i.FLASH_ProgramWord) refers to stm32f0xx_flash.o(i.FLASH_WaitForLastOperation) for FLASH_WaitForLastOperation
    stm32f0xx_flash.o(i.FLASH_WaitForLastOperation) refers to stm32f0xx_flash.o(i.FLASH_GetStatus) for FLASH_GetStatus
    stm32f0xx_gpio.o(i.GPIO_DeInit) refers to stm32f0xx_rcc.o(i.RCC_AHBPeriphResetCmd) for RCC_AHBPeriphResetCmd
    stm32f0xx_i2c.o(i.I2C_DeInit) refers to stm32f0xx_rcc.o(i.RCC_APB1PeriphResetCmd) for RCC_APB1PeriphResetCmd
    stm32f0xx_pwr.o(i.PWR_DeInit) refers to stm32f0xx_rcc.o(i.RCC_APB1PeriphResetCmd) for RCC_APB1PeriphResetCmd
    stm32f0xx_rcc.o(i.RCC_GetClocksFreq) refers to uidiv.o(.text) for __aeabi_uidivmod
    stm32f0xx_rcc.o(i.RCC_GetClocksFreq) refers to stm32f0xx_rcc.o(.data) for .data
    stm32f0xx_rcc.o(i.RCC_WaitForHSEStartUp) refers to stm32f0xx_rcc.o(i.RCC_GetFlagStatus) for RCC_GetFlagStatus
    stm32f0xx_rtc.o(i.RTC_DeInit) refers to stm32f0xx_rtc.o(i.RTC_EnterInitMode) for RTC_EnterInitMode
    stm32f0xx_rtc.o(i.RTC_DeInit) refers to stm32f0xx_rtc.o(i.RTC_WaitForSynchro) for RTC_WaitForSynchro
    stm32f0xx_rtc.o(i.RTC_GetAlarm) refers to stm32f0xx_rtc.o(i.RTC_Bcd2ToByte) for RTC_Bcd2ToByte
    stm32f0xx_rtc.o(i.RTC_GetDate) refers to stm32f0xx_rtc.o(i.RTC_Bcd2ToByte) for RTC_Bcd2ToByte
    stm32f0xx_rtc.o(i.RTC_GetTime) refers to stm32f0xx_rtc.o(i.RTC_Bcd2ToByte) for RTC_Bcd2ToByte
    stm32f0xx_rtc.o(i.RTC_GetTimeStamp) refers to stm32f0xx_rtc.o(i.RTC_Bcd2ToByte) for RTC_Bcd2ToByte
    stm32f0xx_rtc.o(i.RTC_Init) refers to stm32f0xx_rtc.o(i.RTC_EnterInitMode) for RTC_EnterInitMode
    stm32f0xx_rtc.o(i.RTC_Init) refers to stm32f0xx_rtc.o(i.RTC_ExitInitMode) for RTC_ExitInitMode
    stm32f0xx_rtc.o(i.RTC_RefClockCmd) refers to stm32f0xx_rtc.o(i.RTC_EnterInitMode) for RTC_EnterInitMode
    stm32f0xx_rtc.o(i.RTC_RefClockCmd) refers to stm32f0xx_rtc.o(i.RTC_ExitInitMode) for RTC_ExitInitMode
    stm32f0xx_rtc.o(i.RTC_SetAlarm) refers to stm32f0xx_rtc.o(i.RTC_Bcd2ToByte) for RTC_Bcd2ToByte
    stm32f0xx_rtc.o(i.RTC_SetAlarm) refers to stm32f0xx_rtc.o(i.RTC_ByteToBcd2) for RTC_ByteToBcd2
    stm32f0xx_rtc.o(i.RTC_SetDate) refers to stm32f0xx_rtc.o(i.RTC_Bcd2ToByte) for RTC_Bcd2ToByte
    stm32f0xx_rtc.o(i.RTC_SetDate) refers to stm32f0xx_rtc.o(i.RTC_ByteToBcd2) for RTC_ByteToBcd2
    stm32f0xx_rtc.o(i.RTC_SetDate) refers to stm32f0xx_rtc.o(i.RTC_EnterInitMode) for RTC_EnterInitMode
    stm32f0xx_rtc.o(i.RTC_SetDate) refers to stm32f0xx_rtc.o(i.RTC_ExitInitMode) for RTC_ExitInitMode
    stm32f0xx_rtc.o(i.RTC_SetDate) refers to stm32f0xx_rtc.o(i.RTC_WaitForSynchro) for RTC_WaitForSynchro
    stm32f0xx_rtc.o(i.RTC_SetTime) refers to stm32f0xx_rtc.o(i.RTC_Bcd2ToByte) for RTC_Bcd2ToByte
    stm32f0xx_rtc.o(i.RTC_SetTime) refers to stm32f0xx_rtc.o(i.RTC_ByteToBcd2) for RTC_ByteToBcd2
[...]
Stack Usage for Print::print(unsigned, int) 0x8 bytes.
Stack Usage for Print::print(long, int) 0x10 bytes.
Stack Usage for Print::print(unsigned long, int) 0x8 bytes.
Stack Usage for Print::write(const char*) 0x10 bytes.
Stack Usage for Print::println(const char*) 0x8 bytes.
Stack Usage for Print::println(unsigned char, int) 0x8 bytes.
Stack Usage for Print::println(int, int) 0x8 bytes.
Stack Usage for Print::println(unsigned, int) 0x8 bytes.
Stack Usage for Print::println() 0x8 bytes.
Stack Usage for ESP8266::addToBuffer(char) 0x8 bytes.
Stack Usage for ESP8266::connectToAP(const char*, const char*, unsigned) 0x28 bytes.
Stack Usage for ESP8266::sendToServer(char*, char*, char*, char*, unsigned) 0x30 bytes.
Stack Usage for ESP8266::readServerResponse(char*, int, unsigned) 0x28 bytes.
Stack Usage for ESP8266::sendPartialCommand(const char*) 0x10 bytes.
Stack Usage for ESP8266::closeServerConnection() 0x8 bytes.
Stack Usage for ESP8266::sendCommandAndWaitFor(const char*, const char*, unsigned) 0x18 bytes.
Stack Usage for ESP8266::checkForStringInBuffer(const char*, const char*, int, int) 0x28 bytes.
Stack Usage for ESP8266::init(HardwareSerial*, HardwareSerial*) 0x0 bytes.
Stack Usage for ESP8266::waitFor(const char*, unsigned) 0x20 bytes.
Stack Usage for __0sprintf$1 0x18 bytes.
Stack Usage for __1sprintf$1 0x18 bytes.
Stack Usage for __2sprintf 0x18 bytes.
Stack Usage for __ARM_clz 0x0 bytes.
Stack Usage for __scatterload_copy unknown bytes.
Stack Usage for __scatterload_null unknown bytes.
Stack Usage for __scatterload_zeroinit unknown bytes.
Stack Usage for __set_errno 0x0 bytes.
Stack Usage for delay 0x8 bytes.
Stack Usage for delayMicroseconds 0x10 bytes.
Stack Usage for initialiseOnce 0x10 bytes.
Stack Usage for __mathlib_logf 0x18 bytes.
Stack Usage for logf 0x18 bytes.
Stack Usage for main 0x0 bytes.
Stack Usage for micros 0x8 bytes.
Stack Usage for millis 0x8 bytes.
Stack Usage for __sti___8_main_cpp 0x8 bytes.
Stack Usage for SetSysClock 0x10 bytes.
Stack Usage for __sti___18_HardwareSerial_cpp 0x4 bytes.
Stack Usage for NVIC_SetPriority 0x0 bytes.
Stack Usage for _printf_core 0x58 bytes.
Stack Usage for _sputc 0x0 bytes.

Potential Stack Usage Inaccuracies.

Mutually recursive functions.

 * NMI_Handler => NMI_Handler
 * HardFault_Handler => HardFault_Handler
 * SVC_Handler => SVC_Handler
 * PendSV_Handler => PendSV_Handler
 * ADC1_COMP_IRQHandler => ADC1_COMP_IRQHandler
 * Print::print(long, int) => Print::print(char, int)
 * Print::printNumber(unsigned long, unsigned char) => Print::print(char, int)

Untraceable function pointers.

 * ADC1_COMP_IRQHandler from startup_stm32f0xx.o(.text) referenced from startup_stm32f0xx.o(RESET)
 * CEC_IRQHandler from startup_stm32f0xx.o(.text) referenced from startup_stm32f0xx.o(RESET)
 * DMA1_Channel1_IRQHandler from startup_stm32f0xx.o(.text) referenced from startup_stm32f0xx.o(RESET)
 * DMA1_Channel2_3_IRQHandler from startup_stm32f0xx.o(.text) referenced from startup_stm32f0xx.o(RESET)
 * DMA1_Channel4_5_IRQHandler from startup_stm32f0xx.o(.text) referenced from startup_stm32f0xx.o(RESET)
 * EXTI0_1_IRQHandler from delay.o(i.EXTI0_1_IRQHandler) referenced from startup_stm32f0xx.o(RESET)
 * EXTI2_3_IRQHandler from startup_stm32f0xx.o(.text) referenced from startup_stm32f0xx.o(RESET)
 * EXTI4_15_IRQHandler from startup_stm32f0xx.o(.text) referenced from startup_stm32f0xx.o(RESET)
 * FLASH_IRQHandler from startup_stm32f0xx.o(.text) referenced from startup_stm32f0xx.o(RESET)
 * HardFault_Handler from startup_stm32f0xx.o(.text) referenced from startup_stm32f0xx.o(RESET)
 * I2C1_IRQHandler from startup_stm32f0xx.o(.text) referenced from startup_stm32f0xx.o(RESET)
 * I2C2_IRQHandler from startup_stm32f0xx.o(.text) referenced from startup_stm32f0xx.o(RESET)
 * NMI_Handler from startup_stm32f0xx.o(.text) referenced from startup_stm32f0xx.o(RESET)
 * PVD_IRQHandler from startup_stm32f0xx.o(.text) referenced from startup_stm32f0xx.o(RESET)
 * PendSV_Handler from startup_stm32f0xx.o(.text) referenced from startup_stm32f0xx.o(RESET)
 * RCC_IRQHandler from startup_stm32f0xx.o(.text) referenced from startup_stm32f0xx.o(RESET)
 * RTC_IRQHandler from startup_stm32f0xx.o(.text) referenced from startup_stm32f0xx.o(RESET)
 * Reset_Handler from startup_stm32f0xx.o(.text) referenced from startup_stm32f0xx.o(RESET)
 * SPI1_IRQHandler from startup_stm32f0xx.o(.text) referenced from startup_stm32f0xx.o(RESET)
 * SPI2_IRQHandler from startup_stm32f0xx.o(.text) referenced from startup_stm32f0xx.o(RESET)
 * SVC_Handler from startup_stm32f0xx.o(.text) referenced from startup_stm32f0xx.o(RESET)
 * SysTick_Handler from delay.o(i.SysTick_Handler) referenced from startup_stm32f0xx.o(RESET)
 * SystemInit from system_stm32f0xx.o(i.SystemInit) referenced from startup_stm32f0xx.o(.text)
 * TIM14_IRQHandler from startup_stm32f0xx.o(.text) referenced from startup_stm32f0xx.o(RESET)
 * TIM15_IRQHandler from startup_stm32f0xx.o(.text) referenced from startup_stm32f0xx.o(RESET)
 * TIM16_IRQHandler from startup_stm32f0xx.o(.text) referenced from startup_stm32f0xx.o(RESET)
 * TIM17_IRQHandler from startup_stm32f0xx.o(.text) referenced from startup_stm32f0xx.o(RESET)
 * TIM1_BRK_UP_TRG_COM_IRQHandler from startup_stm32f0xx.o(.text) referenced from startup_stm32f0xx.o(RESET)
 * TIM1_CC_IRQHandler from startup_stm32f0xx.o(.text) referenced from startup_stm32f0xx.o(RESET)
 * TIM2_IRQHandler from startup_stm32f0xx.o(.text) referenced from startup_stm32f0xx.o(RESET)
 * TIM3_IRQHandler from startup_stm32f0xx.o(.text) referenced from startup_stm32f0xx.o(RESET)
 * TIM6_DAC_IRQHandler from startup_stm32f0xx.o(.text) referenced from startup_stm32f0xx.o(RESET)
 * TS_IRQHandler from startup_stm32f0xx.o(.text) referenced from startup_stm32f0xx.o(RESET)
 * USART1_IRQHandler from hardwareserial.o(i.USART1_IRQHandler) referenced from startup_stm32f0xx.o(RESET)
 * USART2_IRQHandler from hardwareserial.o(i.USART2_IRQHandler) referenced from startup_stm32f0xx.o(RESET)
 * WWDG_IRQHandler from startup_stm32f0xx.o(.text) referenced from startup_stm32f0xx.o(RESET)
 * HardwareSerial::write(unsigned char) from hardwareserial.o(i._ZN14HardwareSerial5writeEh) referenced from hardwareserial.o(.constdata__ZTV14HardwareSerial)
 * Print::write(const char*) from print.o(i._ZN5Print5writeEPKc) referenced from hardwareserial.o(.constdata__ZTV14HardwareSerial)
 * __main from entry.o(.ARM.Collect$$$$00000000) referenced from startup_stm32f0xx.o(.text)
 * __sti___18_HardwareSerial_cpp from hardwareserial.o(i.__sti___18_HardwareSerial_cpp) referenced from hardwareserial.o(.init_array)
 * __sti___8_main_cpp from main.o(i.__sti___8_main_cpp) referenced from main.o(.init_array)
 * _sputc from printf1.o(i._sputc) referenced from printf1.o(i.__0sprintf$1)
 * main from main.o(i.main) referenced from entry9a.o(.ARM.Collect$$$$0000000B)

==============================================================================

Image Symbol Table

    Local Symbols

    Symbol Name                              Value     Ov Type        Size  Object(Section)

    ../../../edgfe/lib_src/typeinfo.c        0x00000000   Number         0  type_info_dtor.o ABSOLUTE
    ../../../edgfe/lib_src/typeinfo.c        0x00000000   Number         0  lib_rtti_impl.o ABSOLUTE
    ../clib/microlib/cpp/cpp_init.c          0x00000000   Number         0  cpp_init.o ABSOLUTE
    ../clib/microlib/cpp/cpp_init.c          0x00000000   Number         0  cpp_init.o ABSOLUTE
    ../clib/microlib/division.c              0x00000000   Number         0  uidiv.o ABSOLUTE
    ../clib/microlib/division.c              0x00000000   Number         0  idiv.o ABSOLUTE
    ../clib/microlib/division.c              0x00000000   Number         0  uldiv.o ABSOLUTE
    ../clib/microlib/errno.c                 0x00000000   Number         0  errno.o ABSOLUTE
    ../clib/microlib/init/entry.s            0x00000000   Number         0  entry5.o ABSOLUTE
    ../clib/microlib/init/entry.s            0x00000000   Number         0  entry7b.o ABSOLUTE
    ../clib/microlib/init/entry.s            0x00000000   Number         0  entry8b.o ABSOLUTE
    ../clib/microlib/init/entry.s            0x00000000   Number         0  entry7a.o ABSOLUTE
    ../clib/microlib/init/entry.s            0x00000000   Number         0  entry9a.o ABSOLUTE
    ../clib/microlib/init/entry.s            0x00000000   Number         0  entry9b.o ABSOLUTE
    ../clib/microlib/init/entry.s            0x00000000   Number         0  entry10a.o ABSOLUTE
    ../clib/microlib/init/entry.s            0x00000000   Number         0  entry2.o ABSOLUTE
    ../clib/microlib/init/entry.s            0x00000000   Number         0  entry11b.o ABSOLUTE
    ../clib/microlib/init/entry.s            0x00000000   Number         0  entry8a.o ABSOLUTE
    ../clib/microlib/init/entry.s            0x00000000   Number         0  entry.o ABSOLUTE
    ../clib/microlib/init/entry.s            0x00000000   Number         0  entry10b.o ABSOLUTE
    ../clib/microlib/init/entry.s            0x00000000   Number         0  entry11a.o ABSOLUTE
    ../clib/microlib/longlong.c              0x00000000   Number         0  llshl.o ABSOLUTE
    ../clib/microlib/longlong.c              0x00000000   Number         0  llushr.o ABSOLUTE
    ../clib/microlib/longlong.c              0x00000000   Number         0  llsshr.o ABSOLUTE
    ../clib/microlib/printf/printf.c         0x00000000   Number         0  printfa.o ABSOLUTE
    ../clib/microlib/printf/printf.c         0x00000000   Number         0  printf3.o ABSOLUTE
    ../clib/microlib/printf/printf.c         0x00000000   Number         0  printf2.o ABSOLUTE
    ../clib/microlib/printf/printf.c         0x00000000   Number         0  printfb.o ABSOLUTE
    ../clib/microlib/printf/printf.c         0x00000000   Number         0  printf0.o ABSOLUTE
    ../clib/microlib/printf/printf.c         0x00000000   Number         0  printf1.o ABSOLUTE
    ../clib/microlib/printf/printf.c         0x00000000   Number         0  printf4.o ABSOLUTE
    ../clib/microlib/printf/printf.c         0x00000000   Number         0  printf5.o ABSOLUTE
    ../clib/microlib/printf/printf.c         0x00000000   Number         0  printf6.o ABSOLUTE
    ../clib/microlib/printf/printf.c         0x00000000   Number         0  printf7.o ABSOLUTE
    ../clib/microlib/printf/printf.c         0x00000000   Number         0  printf8.o ABSOLUTE
    ../clib/microlib/printf/stubs.s          0x00000000   Number         0  stubs.o ABSOLUTE
    ../clib/microlib/stdio/fputc.c           0x00000000   Number         0  fputc.o ABSOLUTE
    ../clib/microlib/stdio/semi.s            0x00000000   Number         0  semi.o ABSOLUTE
    ../clib/microlib/stdio/streams.c         0x00000000   Number         0  stdout.o ABSOLUTE
    ../clib/microlib/string/memset.c         0x00000000   Number         0  memseta.o ABSOLUTE
    ../clib/microlib/string/strcat.c         0x00000000   Number         0  strcat.o ABSOLUTE
    ../clib/microlib/string/strcpy.c         0x00000000   Number         0  strcpy.o ABSOLUTE
    ../clib/microlib/string/strlen.c         0x00000000   Number         0  strlen.o ABSOLUTE
    ../clib/microlib/string/strncpy.c        0x00000000   Number         0  strncpy.o ABSOLUTE
    ../clib/microlib/stubs.s                 0x00000000   Number         0  iusesemip.o ABSOLUTE
    ../clib/microlib/stubs.s                 0x00000000   Number         0  iusefp.o ABSOLUTE
    ../fplib/microlib/d2f.c                  0x00000000   Number         0  d2f.o ABSOLUTE
    ../fplib/microlib/f2d.c                  0x00000000   Number         0  f2d.o ABSOLUTE
    ../fplib/microlib/fpadd.c                0x00000000   Number         0  dadd.o ABSOLUTE
    ../fplib/microlib/fpadd.c                0x00000000   Number         0  fadd.o ABSOLUTE
    ../fplib/microlib/fpdiv.c                0x00000000   Number         0  ddiv.o ABSOLUTE
    ../fplib/microlib/fpdiv.c                0x00000000   Number         0  fdiv.o ABSOLUTE
    ../fplib/microlib/fpepilogue.c           0x00000000   Number         0  depilogue.o ABSOLUTE
    ../fplib/microlib/fpepilogue.c           0x00000000   Number         0  fepilogue.o ABSOLUTE
    ../fplib/microlib/fpfix.c                0x00000000   Number         0  dfixul.o ABSOLUTE
    ../fplib/microlib/fpfix.c                0x00000000   Number         0  dfixi.o ABSOLUTE
    ../fplib/microlib/fpfix.c                0x00000000   Number         0  dfixui.o ABSOLUTE
    ../fplib/microlib/fpflt.c                0x00000000   Number         0  fflti.o ABSOLUTE
    ../fplib/microlib/fpflt.c                0x00000000   Number         0  dfltui.o ABSOLUTE
    ../fplib/microlib/fpflt.c                0x00000000   Number         0  dflti.o ABSOLUTE
    ../fplib/microlib/fpmul.c                0x00000000   Number         0  dmul.o ABSOLUTE
    ../fplib/microlib/fpmul.c                0x00000000   Number         0  fmul.o ABSOLUTE
    ../fplib/microlib/fpscalb.c              0x00000000   Number         0  fscalb.o ABSOLUTE
    ../fplib/microlib/fpscalb.c              0x00000000   Number         0  dscalb.o ABSOLUTE
    ../mathlib/logf.c                        0x00000000   Number         0  logf.o ABSOLUTE
    ../mathlib/logf.c                        0x00000000   Number         0  logf_x.o ABSOLUTE
    ..\OrzLib\Delay.c                        0x00000000   Number         0  delay.o ABSOLUTE
    ..\OrzLib\ESP8266.cpp                    0x00000000   Number         0  esp8266.o ABSOLUTE
    ..\OrzLib\Encoder.cpp                    0x00000000   Number         0  encoder.o ABSOLUTE
    ..\OrzLib\HardwareSerial.cpp             0x00000000   Number         0  hardwareserial.o ABSOLUTE
    ..\OrzLib\LiquidCrystal.cpp              0x00000000   Number         0  liquidcrystal.o ABSOLUTE
    ..\OrzLib\Print.cpp                      0x00000000   Number         0  print.o ABSOLUTE
    ..\OrzLib\RTC.cpp                        0x00000000   Number         0  rtc.o ABSOLUTE
    ..\OrzLib\orz.cpp                        0x00000000   Number         0  orz.o ABSOLUTE
    ..\\OrzLib\\Delay.c                      0x00000000   Number         0  delay.o ABSOLUTE
    ..\\OrzLib\\ESP8266.cpp                  0x00000000   Number         0  esp8266.o ABSOLUTE
    ..\\OrzLib\\Encoder.cpp                  0x00000000   Number         0  encoder.o ABSOLUTE
    ..\\OrzLib\\HardwareSerial.cpp           0x00000000   Number         0  hardwareserial.o ABSOLUTE
    ..\\OrzLib\\LiquidCrystal.cpp            0x00000000   Number         0  liquidcrystal.o ABSOLUTE
    ..\\OrzLib\\Print.cpp                    0x00000000   Number         0  print.o ABSOLUTE
    ..\\OrzLib\\RTC.cpp                      0x00000000   Number         0  rtc.o ABSOLUTE
    ..\\OrzLib\\orz.cpp                      0x00000000   Number         0  orz.o ABSOLUTE
    HeatingESP8266.cpp                       0x00000000   Number         0  heatingesp8266.o ABSOLUTE
    HeatingESP8266.cpp                       0x00000000   Number         0  heatingesp8266.o ABSOLUTE
    HeatingWifly.cpp                         0x00000000   Number         0  heatingwifly.o ABSOLUTE
    cdcmple.s                                0x00000000   Number         0  cdcmple.o ABSOLUTE
    cdrcmple.s                               0x00000000   Number         0  cdrcmple.o ABSOLUTE
    dc.s                                     0x00000000   Number         0  dc.o ABSOLUTE
    handlers.s                               0x00000000   Number         0  handlers.o ABSOLUTE
    init.s                                   0x00000000   Number         0  init.o ABSOLUTE
    project_files\HeatingUI.cpp              0x00000000   Number         0  heatingui.o ABSOLUTE
    project_files\\main.cpp                  0x00000000   Number         0  main.o ABSOLUTE
    project_files\\stm32f0xx_it.c            0x00000000   Number         0  stm32f0xx_it.o ABSOLUTE
    project_files\\system_stm32f0xx.c        0x00000000   Number         0  system_stm32f0xx.o ABSOLUTE
    project_files\main.cpp                   0x00000000   Number         0  main.o ABSOLUTE
    project_files\stm32f0xx_it.c             0x00000000   Number         0  stm32f0xx_it.o ABSOLUTE
    project_files\system_stm32f0xx.c         0x00000000   Number         0  system_stm32f0xx.o ABSOLUTE
    sys\\stm32f0xx_adc.c                     0x00000000   Number         0  stm32f0xx_adc.o ABSOLUTE
    sys\\stm32f0xx_cec.c                     0x00000000   Number         0  stm32f0xx_cec.o ABSOLUTE
    sys\\stm32f0xx_comp.c                    0x00000000   Number         0  stm32f0xx_comp.o ABSOLUTE
    sys\\stm32f0xx_crc.c                     0x00000000   Number         0  stm32f0xx_crc.o ABSOLUTE
    sys\\stm32f0xx_dac.c                     0x00000000   Number         0  stm32f0xx_dac.o ABSOLUTE
    sys\\stm32f0xx_dbgmcu.c                  0x00000000   Number         0  stm32f0xx_dbgmcu.o ABSOLUTE
    sys\\stm32f0xx_dma.c                     0x00000000   Number         0  stm32f0xx_dma.o ABSOLUTE
    sys\\stm32f0xx_exti.c                    0x00000000   Number         0  stm32f0xx_exti.o ABSOLUTE
    sys\\stm32f0xx_flash.c                   0x00000000   Number         0  stm32f0xx_flash.o ABSOLUTE
    sys\\stm32f0xx_gpio.c                    0x00000000   Number         0  stm32f0xx_gpio.o ABSOLUTE
    sys\\stm32f0xx_i2c.c                     0x00000000   Number         0  stm32f0xx_i2c.o ABSOLUTE
    sys\\stm32f0xx_iwdg.c                    0x00000000   Number         0  stm32f0xx_iwdg.o ABSOLUTE
    sys\\stm32f0xx_misc.c                    0x00000000   Number         0  stm32f0xx_misc.o ABSOLUTE
    sys\\stm32f0xx_pwr.c                     0x00000000   Number         0  stm32f0xx_pwr.o ABSOLUTE
    sys\\stm32f0xx_rcc.c                     0x00000000   Number         0  stm32f0xx_rcc.o ABSOLUTE
    sys\\stm32f0xx_rtc.c                     0x00000000   Number         0  stm32f0xx_rtc.o ABSOLUTE
    sys\\stm32f0xx_spi.c                     0x00000000   Number         0  stm32f0xx_spi.o ABSOLUTE
    sys\\stm32f0xx_syscfg.c                  0x00000000   Number         0  stm32f0xx_syscfg.o ABSOLUTE
    sys\\stm32f0xx_tim.c                     0x00000000   Number         0  stm32f0xx_tim.o ABSOLUTE
    sys\\stm32f0xx_usart.c                   0x00000000   Number         0  stm32f0xx_usart.o ABSOLUTE
    sys\\stm32f0xx_wwdg.c                    0x00000000   Number         0  stm32f0xx_wwdg.o ABSOLUTE
    sys\startup_stm32f0xx.s                  0x00000000   Number         0  startup_stm32f0xx.o ABSOLUTE
    sys\stm32f0xx_adc.c                      0x00000000   Number         0  stm32f0xx_adc.o ABSOLUTE
    sys\stm32f0xx_cec.c                      0x00000000   Number         0  stm32f0xx_cec.o ABSOLUTE
    sys\stm32f0xx_comp.c                     0x00000000   Number         0  stm32f0xx_comp.o ABSOLUTE
    sys\stm32f0xx_crc.c                      0x00000000   Number         0  stm32f0xx_crc.o ABSOLUTE
    sys\stm32f0xx_dac.c                      0x00000000   Number         0  stm32f0xx_dac.o ABSOLUTE
    sys\stm32f0xx_dbgmcu.c                   0x00000000   Number         0  stm32f0xx_dbgmcu.o ABSOLUTE
    sys\stm32f0xx_dma.c                      0x00000000   Number         0  stm32f0xx_dma.o ABSOLUTE
    sys\stm32f0xx_exti.c                     0x00000000   Number         0  stm32f0xx_exti.o ABSOLUTE
    sys\stm32f0xx_flash.c                    0x00000000   Number         0  stm32f0xx_flash.o ABSOLUTE
    sys\stm32f0xx_gpio.c                     0x00000000   Number         0  stm32f0xx_gpio.o ABSOLUTE
    sys\stm32f0xx_i2c.c                      0x00000000   Number         0  stm32f0xx_i2c.o ABSOLUTE
    sys\stm32f0xx_iwdg.c                     0x00000000   Number         0  stm32f0xx_iwdg.o ABSOLUTE
    sys\stm32f0xx_misc.c                     0x00000000   Number         0  stm32f0xx_misc.o ABSOLUTE
    sys\stm32f0xx_pwr.c                      0x00000000   Number         0  stm32f0xx_pwr.o ABSOLUTE
    sys\stm32f0xx_rcc.c                      0x00000000   Number         0  stm32f0xx_rcc.o ABSOLUTE
    sys\stm32f0xx_rtc.c                      0x00000000   Number         0  stm32f0xx_rtc.o ABSOLUTE
    sys\stm32f0xx_spi.c                      0x00000000   Number         0  stm32f0xx_spi.o ABSOLUTE
    sys\stm32f0xx_syscfg.c                   0x00000000   Number         0  stm32f0xx_syscfg.o ABSOLUTE
    sys\stm32f0xx_tim.c                      0x00000000   Number         0  stm32f0xx_tim.o ABSOLUTE
    sys\stm32f0xx_usart.c                    0x00000000   Number         0  stm32f0xx_usart.o ABSOLUTE
    sys\stm32f0xx_wwdg.c                     0x00000000   Number         0  stm32f0xx_wwdg.o ABSOLUTE
    RESET                                    0x08000000   Section      192  startup_stm32f0xx.o(RESET)
    .ARM.Collect$$$$00000000                 0x080000c0   Section        0  entry.o(.ARM.Collect$$$$00000000)
    .ARM.Collect$$$$00000001                 0x080000c0   Section        4  entry2.o(.ARM.Collect$$$$00000001)
    .ARM.Collect$$$$00000004                 0x080000c4   Section        4  entry5.o(.ARM.Collect$$$$00000004)
    .ARM.Collect$$$$00000008                 0x080000c8   Section        0  entry7b.o(.ARM.Collect$$$$00000008)
    .ARM.Collect$$$$00000009                 0x080000c8   Section        4  entry8a.o(.ARM.Collect$$$$00000009)
    .ARM.Collect$$$$0000000A                 0x080000cc   Section        0  entry8b.o(.ARM.Collect$$$$0000000A)
    .ARM.Collect$$$$0000000B                 0x080000cc   Section        8  entry9a.o(.ARM.Collect$$$$0000000B)
    .ARM.Collect$$$$0000000D                 0x080000d4   Section        0  entry10a.o(.ARM.Collect$$$$0000000D)
    .ARM.Collect$$$$0000000F                 0x080000d4   Section        0  entry11a.o(.ARM.Collect$$$$0000000F)
    .ARM.Collect$$$$00002712                 0x080000d4   Section        4  entry2.o(.ARM.Collect$$$$00002712)
    __lit__00000000                          0x080000d4   Data           4  entry2.o(.ARM.Collect$$$$00002712)
    .text                                    0x080000d8   Section       28  startup_stm32f0xx.o(.text)
    .text                                    0x080000f4   Section        0  uidiv.o(.text)
    .text                                    0x08000120   Section        0  idiv.o(.text)
    .text                                    0x08000148   Section        0  memseta.o(.text)
    .text                                    0x0800016c   Section        0  strcat.o(.text)
    .text                                    0x08000184   Section        0  strncpy.o(.text)
    .text                                    0x0800019e   Section        0  strlen.o(.text)
    .text                                    0x080001ac   Section        0  strcpy.o(.text)
    .text                                    0x080001c0   Section        0  cpp_init.o(.text)
    .text                                    0x080001e0   Section        0  dadd.o(.text)
    .text                                    0x08000344   Section        0  dmul.o(.text)
    .text                                    0x08000414   Section        0  ddiv.o(.text)
    .text                                    0x08000504   Section        0  dscalb.o(.text)
    .text                                    0x08000530   Section        0  dfltui.o(.text)
    .text                                    0x0800054c   Section        0  dfixi.o(.text)
    .text                                    0x08000594   Section        0  f2d.o(.text)
    .text                                    0x080005bc   Section        0  d2f.o(.text)
    .text                                    0x080005f4   Section        0  llshl.o(.text)
    .text                                    0x08000614   Section        0  llushr.o(.text)
    .text                                    0x08000636   Section        0  llsshr.o(.text)
    .text                                    0x0800065c   Section        0  iusefp.o(.text)
    .text                                    0x0800065c   Section        0  fepilogue.o(.text)
    .text                                    0x080006e0   Section        0  fadd.o(.text)
    .text                                    0x08000792   Section        0  fmul.o(.text)
    .text                                    0x0800080c   Section        0  fdiv.o(.text)
    .text                                    0x08000888   Section        0  fscalb.o(.text)
    .text                                    0x080008a0   Section        0  depilogue.o(.text)
    .text                                    0x08000960   Section        0  fflti.o(.text)
    .text                                    0x08000978   Section       36  init.o(.text)
    i.ADC_AutoPowerOffCmd                    0x0800099c   Section        0  stm32f0xx_adc.o(i.ADC_AutoPowerOffCmd)
    i.ADC_ChannelConfig                      0x080009b0   Section        0  stm32f0xx_adc.o(i.ADC_ChannelConfig)
    i.ADC_Cmd                                0x080009ba   Section        0  stm32f0xx_adc.o(i.ADC_Cmd)
    i.ADC_DeInit                             0x080009cc   Section        0  stm32f0xx_adc.o(i.ADC_DeInit)
    i.ADC_GetCalibrationFactor               0x080009ec   Section        0  stm32f0xx_adc.o(i.ADC_GetCalibrationFactor)
    i.ADC_GetConversionValue                 0x08000a1a   Section        0  stm32f0xx_adc.o(i.ADC_GetConversionValue)
    i.ADC_GetFlagStatus                      0x08000a20   Section        0  stm32f0xx_adc.o(i.ADC_GetFlagStatus)
    i.ADC_Init                               0x08000a3c   Section        0  stm32f0xx_adc.o(i.ADC_Init)
    i.ADC_StartOfConversion                  0x08000a68   Section        0  stm32f0xx_adc.o(i.ADC_StartOfConversion)
    i.ADC_WaitModeCmd                        0x08000a72   Section        0  stm32f0xx_adc.o(i.ADC_WaitModeCmd)
    i.EXTI0_1_IRQHandler                     0x08000a88   Section        0  delay.o(i.EXTI0_1_IRQHandler)
    i.EXTI_ClearITPendingBit                 0x08000aec   Section        0  stm32f0xx_exti.o(i.EXTI_ClearITPendingBit)
    i.EXTI_GetITStatus                       0x08000af8   Section        0  stm32f0xx_exti.o(i.EXTI_GetITStatus)
    i.GPIO_Init                              0x08000b0c   Section        0  stm32f0xx_gpio.o(i.GPIO_Init)
    i.GPIO_PinAFConfig                       0x08000b7c   Section        0  stm32f0xx_gpio.o(i.GPIO_PinAFConfig)
    i.NVIC_Init                              0x08000b9c   Section        0  stm32f0xx_misc.o(i.NVIC_Init)
    i.NVIC_SetPriority                       0x08000bec   Section        0  delay.o(i.NVIC_SetPriority)
    NVIC_SetPriority                         0x08000bed   Thumb Code    60  delay.o(i.NVIC_SetPriority)
    i.RCC_AHBPeriphClockCmd                  0x08000c30   Section        0  stm32f0xx_rcc.o(i.RCC_AHBPeriphClockCmd)
    i.RCC_APB1PeriphClockCmd                 0x08000c48   Section        0  stm32f0xx_rcc.o(i.RCC_APB1PeriphClockCmd)
    i.RCC_APB1PeriphResetCmd                 0x08000c60   Section        0  stm32f0xx_rcc.o(i.RCC_APB1PeriphResetCmd)
    i.RCC_APB2PeriphClockCmd                 0x08000c78   Section        0  stm32f0xx_rcc.o(i.RCC_APB2PeriphClockCmd)
    i.RCC_APB2PeriphResetCmd                 0x08000c90   Section        0  stm32f0xx_rcc.o(i.RCC_APB2PeriphResetCmd)
    i.RCC_GetClocksFreq                      0x08000ca8   Section        0  stm32f0xx_rcc.o(i.RCC_GetClocksFreq)
    i.SetSysClock                            0x08000d90   Section        0  system_stm32f0xx.o(i.SetSysClock)
    SetSysClock                              0x08000d91   Thumb Code   142  system_stm32f0xx.o(i.SetSysClock)
    i.SysTick_Handler                        0x08000e28   Section        0  delay.o(i.SysTick_Handler)
    i.SystemInit                             0x08000e38   Section        0  system_stm32f0xx.o(i.SystemInit)
    i.TIM_Cmd                                0x08000e98   Section        0  stm32f0xx_tim.o(i.TIM_Cmd)
    i.TIM_CtrlPWMOutputs                     0x08000eac   Section        0  stm32f0xx_tim.o(i.TIM_CtrlPWMOutputs)
    i.TIM_DeInit                             0x08000ec4   Section        0  stm32f0xx_tim.o(i.TIM_DeInit)
    i.TIM_OC1Init                            0x08000f78   Section        0  stm32f0xx_tim.o(i.TIM_OC1Init)
    i.TIM_OC1PreloadConfig                   0x08000ff4   Section        0  stm32f0xx_tim.o(i.TIM_OC1PreloadConfig)
    i.TIM_OC2Init                            0x08001000   Section        0  stm32f0xx_tim.o(i.TIM_OC2Init)
    i.TIM_OC2PreloadConfig                   0x08001090   Section        0  stm32f0xx_tim.o(i.TIM_OC2PreloadConfig)
    i.TIM_OC4Init                            0x080010a4   Section        0  stm32f0xx_tim.o(i.TIM_OC4Init)
    i.TIM_OC4PreloadConfig                   0x08001108   Section        0  stm32f0xx_tim.o(i.TIM_OC4PreloadConfig)
    i.TIM_OCStructInit                       0x0800111c   Section        0  stm32f0xx_tim.o(i.TIM_OCStructInit)
    i.TIM_SelectOnePulseMode                 0x08001130   Section        0  stm32f0xx_tim.o(i.TIM_SelectOnePulseMode)
    i.TIM_SelectOutputTrigger                0x08001140   Section        0  stm32f0xx_tim.o(i.TIM_SelectOutputTrigger)
    i.TIM_TimeBaseInit                       0x08001150   Section        0  stm32f0xx_tim.o(i.TIM_TimeBaseInit)
    i.TIM_TimeBaseStructInit                 0x080011c4   Section        0  stm32f0xx_tim.o(i.TIM_TimeBaseStructInit)
    i.USART1_IRQHandler                      0x080011d8   Section        0  hardwareserial.o(i.USART1_IRQHandler)
    i.USART2_IRQHandler                      0x08001224   Section        0  hardwareserial.o(i.USART2_IRQHandler)
    i.USART_Cmd                              0x08001270   Section        0  stm32f0xx_usart.o(i.USART_Cmd)
    i.USART_GetFlagStatus                    0x08001284   Section        0  stm32f0xx_usart.o(i.USART_GetFlagStatus)
    i.USART_ITConfig                         0x08001292   Section        0  stm32f0xx_usart.o(i.USART_ITConfig)
    i.USART_Init                             0x080012bc   Section        0  stm32f0xx_usart.o(i.USART_Init)
    i.USART_ReceiveData                      0x08001348   Section        0  stm32f0xx_usart.o(i.USART_ReceiveData)
    i.USART_SendData                         0x08001350   Section        0  stm32f0xx_usart.o(i.USART_SendData)
    i._Z10analogReadi                        0x08001358   Section        0  orz.o(i._Z10analogReadi)
    i._Z10setPinModeii                       0x08001368   Section        0  orz.o(i._Z10setPinModeii)
    i._Z10store_charhP10RingBuffer           0x0800169c   Section        0  hardwareserial.o(i._Z10store_charhP10RingBuffer)
    i._Z11millisSincem                       0x080016c6   Section        0  orz.o(i._Z11millisSincem)
    i._Z12base64EncodePcS_i                  0x080016dc   Section        0  main.o(i._Z12base64EncodePcS_i)
    i._Z12digitalWriteii                     0x08001788   Section        0  orz.o(i._Z12digitalWriteii)
    i._Z12updateRelaysv                      0x08001828   Section        0  main.o(i._Z12updateRelaysv)
    i._Z14isWithinWindowcc                   0x08001a98   Section        0  main.o(i._Z14isWithinWindowcc)
    i._Z16parseHeatingInfoPc                 0x08001ac8   Section        0  main.o(i._Z16parseHeatingInfoPc)
    i._Z17sampleTemperaturev                 0x08001db4   Section        0  main.o(i._Z17sampleTemperaturev)
    i._Z23synchroniseWithInternetb           0x08001f3c   Section        0  main.o(i._Z23synchroniseWithInternetb)
    i._Z4loopv                               0x080021ec   Section        0  main.o(i._Z4loopv)
    i._Z5debugPc                             0x0800228c   Section        0  main.o(i._Z5debugPc)
    i._Z5setupv                              0x080022c0   Section        0  main.o(i._Z5setupv)
    i._Z9initUSARTP13USART_TypeDefj          0x08002458   Section        0  hardwareserial.o(i._Z9initUSARTP13USART_TypeDefj)
    i._ZN14HardwareSerial4readEv             0x0800251c   Section        0  hardwareserial.o(i._ZN14HardwareSerial4readEv)
    i._ZN14HardwareSerial5beginEl            0x08002544   Section        0  hardwareserial.o(i._ZN14HardwareSerial5beginEl)
    i._ZN14HardwareSerial5flushEv            0x0800254e   Section        0  hardwareserial.o(i._ZN14HardwareSerial5flushEv)
    i._ZN14HardwareSerial5writeEh            0x08002558   Section        0  hardwareserial.o(i._ZN14HardwareSerial5writeEh)
    i._ZN14HardwareSerial9availableEv        0x08002580   Section        0  hardwareserial.o(i._ZN14HardwareSerial9availableEv)
    i._ZN14HardwareSerialC1Ei                0x0800259c   Section        0  hardwareserial.o(i._ZN14HardwareSerialC1Ei)
    i._ZN14HeatingESP826611getHttpBodyEv     0x080025c8   Section        0  heatingesp8266.o(i._ZN14HeatingESP826611getHttpBodyEv)
    i._ZN14HeatingESP826615sendHttpRequestEPKcm 0x080025d0   Section        0  heatingesp8266.o(i._ZN14HeatingESP826615sendHttpRequestEPKcm)
    i._ZN14HeatingESP82665beginEP14HardwareSerialS1_ 0x080026d0   Section        0  heatingesp8266.o(i._ZN14HeatingESP82665beginEP14HardwareSerialS1_)
    i._ZN14HeatingESP82669hardResetEv        0x080026da   Section        0  heatingesp8266.o(i._ZN14HeatingESP82669hardResetEv)
    i._ZN14HeatingESP82669softResetEv        0x080026dc   Section        0  heatingesp8266.o(i._ZN14HeatingESP82669softResetEv)
    i._ZN14HeatingESP8266C1Ev                0x080026de   Section        0  heatingesp8266.o(i._ZN14HeatingESP8266C1Ev)
    i._ZN5Print11printNumberEmh              0x080026e0   Section        0  print.o(i._ZN5Print11printNumberEmh)
    i._ZN5Print5printEPKc                    0x08002730   Section        0  print.o(i._ZN5Print5printEPKc)
    i._ZN5Print5printEci                     0x08002736   Section        0  print.o(i._ZN5Print5printEci)
    i._ZN5Print5printEhi                     0x0800273e   Section        0  print.o(i._ZN5Print5printEhi)
    i._ZN5Print5printEii                     0x08002746   Section        0  print.o(i._ZN5Print5printEii)
    i._ZN5Print5printEji                     0x0800274e   Section        0  print.o(i._ZN5Print5printEji)
    i._ZN5Print5printEli                     0x08002756   Section        0  print.o(i._ZN5Print5printEli)
    i._ZN5Print5printEmi                     0x0800278e   Section        0  print.o(i._ZN5Print5printEmi)
    i._ZN5Print5writeEPKc                    0x080027a6   Section        0  print.o(i._ZN5Print5writeEPKc)
    i._ZN5Print7printlnEPKc                  0x080027c0   Section        0  print.o(i._ZN5Print7printlnEPKc)
    i._ZN5Print7printlnEhi                   0x080027d0   Section        0  print.o(i._ZN5Print7printlnEhi)
    i._ZN5Print7printlnEii                   0x080027e0   Section        0  print.o(i._ZN5Print7printlnEii)
    i._ZN5Print7printlnEji                   0x080027f0   Section        0  print.o(i._ZN5Print7printlnEji)
    i._ZN5Print7printlnEv                    0x08002800   Section        0  print.o(i._ZN5Print7printlnEv)
    i._ZN7ESP826611addToBufferEc             0x08002818   Section        0  esp8266.o(i._ZN7ESP826611addToBufferEc)
    i._ZN7ESP826611connectToAPEPKcS1_j       0x08002830   Section        0  esp8266.o(i._ZN7ESP826611connectToAPEPKcS1_j)
    i._ZN7ESP826612sendToServerEPcS0_S0_S0_j 0x08002948   Section        0  esp8266.o(i._ZN7ESP826612sendToServerEPcS0_S0_S0_j)
    i._ZN7ESP826618readServerResponseEPcij   0x080029f8   Section        0  esp8266.o(i._ZN7ESP826618readServerResponseEPcij)
    i._ZN7ESP826618sendPartialCommandEPKc    0x08002a60   Section        0  esp8266.o(i._ZN7ESP826618sendPartialCommandEPKc)
    i._ZN7ESP826621closeServerConnectionEv   0x08002a9c   Section        0  esp8266.o(i._ZN7ESP826621closeServerConnectionEv)
    i._ZN7ESP826621sendCommandAndWaitForEPKcS1_j 0x08002ac0   Section        0  esp8266.o(i._ZN7ESP826621sendCommandAndWaitForEPKcS1_j)
    i._ZN7ESP826622checkForStringInBufferEPKcS1_ii 0x08002b24   Section        0  esp8266.o(i._ZN7ESP826622checkForStringInBufferEPKcS1_ii)
    i._ZN7ESP82664initEP14HardwareSerialS1_  0x08002b60   Section        0  esp8266.o(i._ZN7ESP82664initEP14HardwareSerialS1_)
    i._ZN7ESP82667waitForEPKcj               0x08002b68   Section        0  esp8266.o(i._ZN7ESP82667waitForEPKcj)
    i.__0sprintf$1                           0x08002be8   Section        0  printf1.o(i.__0sprintf$1)
    i.__ARM_clz                              0x08002c10   Section        0  depilogue.o(i.__ARM_clz)
    i.__scatterload_copy                     0x08002c3e   Section       14  handlers.o(i.__scatterload_copy)
    i.__scatterload_null                     0x08002c4c   Section        2  handlers.o(i.__scatterload_null)
    i.__scatterload_zeroinit                 0x08002c4e   Section       14  handlers.o(i.__scatterload_zeroinit)
    i.__set_errno                            0x08002c5c   Section        0  errno.o(i.__set_errno)
    i.__sti___18_HardwareSerial_cpp          0x08002c68   Section        0  hardwareserial.o(i.__sti___18_HardwareSerial_cpp)
    __sti___18_HardwareSerial_cpp            0x08002c69   Thumb Code    22  hardwareserial.o(i.__sti___18_HardwareSerial_cpp)
    i.__sti___8_main_cpp                     0x08002c84   Section        0  main.o(i.__sti___8_main_cpp)
    __sti___8_main_cpp                       0x08002c85   Thumb Code    10  main.o(i.__sti___8_main_cpp)
    i._printf_core                           0x08002c94   Section        0  printf1.o(i._printf_core)
    _printf_core                             0x08002c95   Thumb Code   326  printf1.o(i._printf_core)
    i._sputc                                 0x08002de0   Section        0  printf1.o(i._sputc)
    _sputc                                   0x08002de1   Thumb Code    10  printf1.o(i._sputc)
    i.delay                                  0x08002dea   Section        0  delay.o(i.delay)
    i.delayMicroseconds                      0x08002df8   Section        0  delay.o(i.delayMicroseconds)
    i.initialiseOnce                         0x08002e1c   Section        0  delay.o(i.initialiseOnce)
    i.logf                                   0x08002e4c   Section        0  logf.o(i.logf)
    i.main                                   0x08002fcc   Section        0  main.o(i.main)
    i.micros                                 0x08002fd8   Section        0  delay.o(i.micros)
    i.millis                                 0x08002fe8   Section        0  delay.o(i.millis)
    .constdata                               0x08003000   Section      148  main.o(.constdata)
    MSG_SERIALDEBUG_SENDING_3                0x08003000   Data           2  main.o(.constdata)
    GPIO_PINS                                0x08003004   Data           4  main.o(.constdata)
    MSG_SERIALDEBUG_DAY_WINDOW_SETTING       0x08003008   Data           4  main.o(.constdata)
    MSG_SERIALDEBUG_GPIO_SETTING             0x0800300c   Data           5  main.o(.constdata)
    MSG_SERIALDEBUG_PARSING_HEATING_INFO     0x08003011   Data           8  main.o(.constdata)
    MSG_SERIALDEBUG_SENDING_RESULT           0x08003019   Data           8  main.o(.constdata)
    MSG_WIFLY_STARTUP_MESSAGE                0x08003021   Data           8  main.o(.constdata)
    MSG_SERIALDEBUG_INIT                     0x08003029   Data          14  main.o(.constdata)
    MSG_SERIALDEBUG_SENDING_1                0x08003037   Data          10  main.o(.constdata)
    MSG_SERIALDEBUG_SENDING_2                0x08003041   Data           9  main.o(.constdata)
    .constdata                               0x08003094   Section       64  logf.o(.constdata)
    logahi                                   0x08003094   Data          32  logf.o(.constdata)
    logalo                                   0x080030b4   Data          32  logf.o(.constdata)
    .constdata__ZTV14HardwareSerial          0x080030d4   Section       20  hardwareserial.o(.constdata__ZTV14HardwareSerial)
    .conststring                             0x080030e8   Section       65  main.o(.conststring)
    .init_array                              0x0800314c   Section        4  main.o(.init_array)
    .init_array                              0x08003150   Section        4  hardwareserial.o(.init_array)
    .data                                    0x20000000   Section       16  stm32f0xx_rcc.o(.data)
    APBAHBPrescTable                         0x20000000   Data          16  stm32f0xx_rcc.o(.data)
    .data                                    0x20000010   Section       44  main.o(.data)
    .data                                    0x2000003c   Section       20  system_stm32f0xx.o(.data)
    .data                                    0x20000050   Section       36  delay.o(.data)
    interruptModes_m                         0x20000050   Data           2  delay.o(.data)
    isInIRQHandler                           0x20000068   Data           4  delay.o(.data)
    interruptFunctions_m                     0x2000006c   Data           8  delay.o(.data)
    .data                                    0x20000074   Section        4  errno.o(.data)
    _errno                                   0x20000074   Data           4  errno.o(.data)
    .bss                                     0x20000078   Section      776  main.o(.bss)
    .bss                                     0x20000380   Section      296  hardwareserial.o(.bss)
    STACK                                    0x200004a8   Section     1024  startup_stm32f0xx.o(STACK)

    Global Symbols

    Symbol Name                              Value     Ov Type        Size  Object(Section)

    BuildAttributes$$THM_ISAv3M$S$PE$A:L22$X:L11$S22$IEEE1$IW$USESV6$~STKCKD$USESV7$~SHL$OTIME$ROPI$IEEEJ$EBA8$UX$MICROLIB$REQ8$PRES8$EABIv2 0x00000000   Number         0  anon$$obj.o ABSOLUTE
    __ARM_use_no_argv                        0x00000000   Number         0  main.o ABSOLUTE
    _printf_a                                0x00000000   Number         0  stubs.o ABSOLUTE
    _printf_c                                0x00000000   Number         0  stubs.o ABSOLUTE
    _printf_charcount                        0x00000000   Number         0  stubs.o ABSOLUTE
    _printf_d                                0x00000000   Number         0  stubs.o ABSOLUTE
    _printf_e                                0x00000000   Number         0  stubs.o ABSOLUTE
    _printf_f                                0x00000000   Number         0  stubs.o ABSOLUTE
    _printf_flags                            0x00000000   Number         0  stubs.o ABSOLUTE
    _printf_fp_dec                           0x00000000   Number         0  stubs.o ABSOLUTE
    _printf_fp_hex                           0x00000000   Number         0  stubs.o ABSOLUTE
    _printf_g                                0x00000000   Number         0  stubs.o ABSOLUTE
    _printf_i                                0x00000000   Number         0  stubs.o ABSOLUTE
    _printf_int_dec                          0x00000000   Number         0  stubs.o ABSOLUTE
    _printf_l                                0x00000000   Number         0  stubs.o ABSOLUTE
    _printf_lc                               0x00000000   Number         0  stubs.o ABSOLUTE
    _printf_ll                               0x00000000   Number         0  stubs.o ABSOLUTE
    _printf_lld                              0x00000000   Number         0  stubs.o ABSOLUTE
    _printf_lli                              0x00000000   Number         0  stubs.o ABSOLUTE
    _printf_llo                              0x00000000   Number         0  stubs.o ABSOLUTE
    _printf_llu                              0x00000000   Number         0  stubs.o ABSOLUTE
    _printf_llx                              0x00000000   Number         0  stubs.o ABSOLUTE
    _printf_longlong_dec                     0x00000000   Number         0  stubs.o ABSOLUTE
    _printf_longlong_hex                     0x00000000   Number         0  stubs.o ABSOLUTE
    _printf_longlong_oct                     0x00000000   Number         0  stubs.o ABSOLUTE
    _printf_ls                               0x00000000   Number         0  stubs.o ABSOLUTE
    _printf_mbtowc                           0x00000000   Number         0  stubs.o ABSOLUTE
    _printf_n                                0x00000000   Number         0  stubs.o ABSOLUTE
    _printf_o                                0x00000000   Number         0  stubs.o ABSOLUTE
    _printf_p                                0x00000000   Number         0  stubs.o ABSOLUTE
    _printf_percent                          0x00000000   Number         0  stubs.o ABSOLUTE
    _printf_pre_padding                      0x00000000   Number         0  stubs.o ABSOLUTE
    _printf_return_value                     0x00000000   Number         0  stubs.o ABSOLUTE
    _printf_s                                0x00000000   Number         0  stubs.o ABSOLUTE
    _printf_sizespec                         0x00000000   Number         0  stubs.o ABSOLUTE
    _printf_str                              0x00000000   Number         0  stubs.o ABSOLUTE
    _printf_truncate_signed                  0x00000000   Number         0  stubs.o ABSOLUTE
    _printf_truncate_unsigned                0x00000000   Number         0  stubs.o ABSOLUTE
    _printf_u                                0x00000000   Number         0  stubs.o ABSOLUTE
    _printf_wc                               0x00000000   Number         0  stubs.o ABSOLUTE
    _printf_wctomb                           0x00000000   Number         0  stubs.o ABSOLUTE
    _printf_widthprec                        0x00000000   Number         0  stubs.o ABSOLUTE
    _printf_x                                0x00000000   Number         0  stubs.o ABSOLUTE
    __cxa_finalize                            - Undefined Weak Reference
    __decompress                              - Undefined Weak Reference
    _clock_init                               - Undefined Weak Reference
    _microlib_exit                            - Undefined Weak Reference
    __Vectors_Size                           0x000000c0   Number         0  startup_stm32f0xx.o ABSOLUTE
    __Vectors                                0x08000000   Data           4  startup_stm32f0xx.o(RESET)
    __Vectors_End                            0x080000c0   Data           0  startup_stm32f0xx.o(RESET)
    __main                                   0x080000c1   Thumb Code     0  entry.o(.ARM.Collect$$$$00000000)
    _main_stk                                0x080000c1   Thumb Code     0  entry2.o(.ARM.Collect$$$$00000001)
    _main_scatterload                        0x080000c5   Thumb Code     0  entry5.o(.ARM.Collect$$$$00000004)
    __main_after_scatterload                 0x080000c9   Thumb Code     0  entry5.o(.ARM.Collect$$$$00000004)
    _main_clock                              0x080000c9   Thumb Code     0  entry7b.o(.ARM.Collect$$$$00000008)
    _main_cpp_init$empty                     0x080000c9   Thumb Code     0  entry8a.o(.ARM.Collect$$$$00000009)
    _main_cpp_init                           0x080000cd   Thumb Code     0  entry8b.o(.ARM.Collect$$$$0000000A)
    _main_init                               0x080000cd   Thumb Code     0  entry9a.o(.ARM.Collect$$$$0000000B)
    __rt_final_cpp                           0x080000d5   Thumb Code     0  entry10a.o(.ARM.Collect$$$$0000000D)
    __rt_final_exit                          0x080000d5   Thumb Code     0  entry11a.o(.ARM.Collect$$$$0000000F)
    Reset_Handler                            0x080000d9   Thumb Code     8  startup_stm32f0xx.o(.text)
    NMI_Handler                              0x080000e1   Thumb Code     2  startup_stm32f0xx.o(.text)
    HardFault_Handler                        0x080000e3   Thumb Code     2  startup_stm32f0xx.o(.text)
    SVC_Handler                              0x080000e5   Thumb Code     2  startup_stm32f0xx.o(.text)
    PendSV_Handler                           0x080000e7   Thumb Code     2  startup_stm32f0xx.o(.text)
    ADC1_COMP_IRQHandler                     0x080000eb   Thumb Code     0  startup_stm32f0xx.o(.text)
    CEC_IRQHandler                           0x080000eb   Thumb Code     0  startup_stm32f0xx.o(.text)
    DMA1_Channel1_IRQHandler                 0x080000eb   Thumb Code     0  startup_stm32f0xx.o(.text)
    DMA1_Channel2_3_IRQHandler               0x080000eb   Thumb Code     0  startup_stm32f0xx.o(.text)
    DMA1_Channel4_5_IRQHandler               0x080000eb   Thumb Code     0  startup_stm32f0xx.o(.text)
    EXTI2_3_IRQHandler                       0x080000eb   Thumb Code     0  startup_stm32f0xx.o(.text)
    EXTI4_15_IRQHandler                      0x080000eb   Thumb Code     0  startup_stm32f0xx.o(.text)
    FLASH_IRQHandler                         0x080000eb   Thumb Code     0  startup_stm32f0xx.o(.text)
    I2C1_IRQHandler                          0x080000eb   Thumb Code     0  startup_stm32f0xx.o(.text)
    I2C2_IRQHandler                          0x080000eb   Thumb Code     0  startup_stm32f0xx.o(.text)
    PVD_IRQHandler                           0x080000eb   Thumb Code     0  startup_stm32f0xx.o(.text)
    RCC_IRQHandler                           0x080000eb   Thumb Code     0  startup_stm32f0xx.o(.text)
    RTC_IRQHandler                           0x080000eb   Thumb Code     0  startup_stm32f0xx.o(.text)
    SPI1_IRQHandler                          0x080000eb   Thumb Code     0  startup_stm32f0xx.o(.text)
    SPI2_IRQHandler                          0x080000eb   Thumb Code     0  startup_stm32f0xx.o(.text)
    TIM14_IRQHandler                         0x080000eb   Thumb Code     0  startup_stm32f0xx.o(.text)
    TIM15_IRQHandler                         0x080000eb   Thumb Code     0  startup_stm32f0xx.o(.text)
    TIM16_IRQHandler                         0x080000eb   Thumb Code     0  startup_stm32f0xx.o(.text)
    TIM17_IRQHandler                         0x080000eb   Thumb Code     0  startup_stm32f0xx.o(.text)
    TIM1_BRK_UP_TRG_COM_IRQHandler           0x080000eb   Thumb Code     0  startup_stm32f0xx.o(.text)
    TIM1_CC_IRQHandler                       0x080000eb   Thumb Code     0  startup_stm32f0xx.o(.text)
    TIM2_IRQHandler                          0x080000eb   Thumb Code     0  startup_stm32f0xx.o(.text)
    TIM3_IRQHandler                          0x080000eb   Thumb Code     0  startup_stm32f0xx.o(.text)
    TIM6_DAC_IRQHandler                      0x080000eb   Thumb Code     0  startup_stm32f0xx.o(.text)
    TS_IRQHandler                            0x080000eb   Thumb Code     0  startup_stm32f0xx.o(.text)
    WWDG_IRQHandler                          0x080000eb   Thumb Code     0  startup_stm32f0xx.o(.text)
    __aeabi_uidiv                            0x080000f5   Thumb Code     0  uidiv.o(.text)
    __aeabi_uidivmod                         0x080000f5   Thumb Code    44  uidiv.o(.text)
    __aeabi_idiv                             0x08000121   Thumb Code     0  idiv.o(.text)
    __aeabi_idivmod                          0x08000121   Thumb Code    40  idiv.o(.text)
    __aeabi_memset                           0x08000149   Thumb Code    14  memseta.o(.text)
    __aeabi_memset4                          0x08000149   Thumb Code     0  memseta.o(.text)
    __aeabi_memset8                          0x08000149   Thumb Code     0  memseta.o(.text)
    __aeabi_memclr                           0x08000157   Thumb Code     4  memseta.o(.text)
    __aeabi_memclr4                          0x08000157   Thumb Code     0  memseta.o(.text)
    __aeabi_memclr8                          0x08000157   Thumb Code     0  memseta.o(.text)
    _memset$wrapper                          0x0800015b   Thumb Code    18  memseta.o(.text)
    strcat                                   0x0800016d   Thumb Code    24  strcat.o(.text)
    strncpy                                  0x08000185   Thumb Code    26  strncpy.o(.text)
    strlen                                   0x0800019f   Thumb Code    14  strlen.o(.text)
    strcpy                                   0x080001ad   Thumb Code    18  strcpy.o(.text)
    __cpp_initialize__aeabi_                 0x080001c1   Thumb Code    22  cpp_init.o(.text)
    __aeabi_dadd                             0x080001e1   Thumb Code   326  dadd.o(.text)
    __aeabi_dsub                             0x08000327   Thumb Code    12  dadd.o(.text)
    __aeabi_drsub                            0x08000333   Thumb Code    12  dadd.o(.text)
    __aeabi_dmul                             0x08000345   Thumb Code   202  dmul.o(.text)
    __aeabi_ddiv                             0x08000415   Thumb Code   234  ddiv.o(.text)
    __ARM_scalbn                             0x08000505   Thumb Code    44  dscalb.o(.text)
    scalbn                                   0x08000505   Thumb Code     0  dscalb.o(.text)
    __aeabi_ui2d                             0x08000531   Thumb Code    24  dfltui.o(.text)
    __aeabi_d2iz                             0x0800054d   Thumb Code    62  dfixi.o(.text)
    __aeabi_f2d                              0x08000595   Thumb Code    40  f2d.o(.text)
    __aeabi_d2f                              0x080005bd   Thumb Code    56  d2f.o(.text)
    __aeabi_llsl                             0x080005f5   Thumb Code    32  llshl.o(.text)
    _ll_shift_l                              0x080005f5   Thumb Code     0  llshl.o(.text)
    __aeabi_llsr                             0x08000615   Thumb Code    34  llushr.o(.text)
    _ll_ushift_r                             0x08000615   Thumb Code     0  llushr.o(.text)
    __aeabi_lasr                             0x08000637   Thumb Code    38  llsshr.o(.text)
    _ll_sshift_r                             0x08000637   Thumb Code     0  llsshr.o(.text)
    __I$use$fp                               0x0800065d   Thumb Code     0  iusefp.o(.text)
    _float_round                             0x0800065d   Thumb Code    16  fepilogue.o(.text)
    _float_epilogue                          0x0800066d   Thumb Code   116  fepilogue.o(.text)
    __aeabi_fadd                             0x080006e1   Thumb Code   162  fadd.o(.text)
    __aeabi_fsub                             0x08000783   Thumb Code     8  fadd.o(.text)
    __aeabi_frsub                            0x0800078b   Thumb Code     8  fadd.o(.text)
    __aeabi_fmul                             0x08000793   Thumb Code   122  fmul.o(.text)
    __aeabi_fdiv                             0x0800080d   Thumb Code   124  fdiv.o(.text)
    __ARM_scalbnf                            0x08000889   Thumb Code    24  fscalb.o(.text)
    scalbnf                                  0x08000889   Thumb Code     0  fscalb.o(.text)
    _double_round                            0x080008a1   Thumb Code    26  depilogue.o(.text)
    _double_epilogue                         0x080008bb   Thumb Code   166  depilogue.o(.text)
    __aeabi_i2f                              0x08000961   Thumb Code    22  fflti.o(.text)
    __scatterload                            0x08000979   Thumb Code    28  init.o(.text)
    __scatterload_rt2                        0x08000979   Thumb Code     0  init.o(.text)
    ADC_AutoPowerOffCmd                      0x0800099d   Thumb Code    20  stm32f0xx_adc.o(i.ADC_AutoPowerOffCmd)
    ADC_ChannelConfig                        0x080009b1   Thumb Code    10  stm32f0xx_adc.o(i.ADC_ChannelConfig)
    ADC_Cmd                                  0x080009bb   Thumb Code    18  stm32f0xx_adc.o(i.ADC_Cmd)
    ADC_DeInit                               0x080009cd   Thumb Code    28  stm32f0xx_adc.o(i.ADC_DeInit)
    ADC_GetCalibrationFactor                 0x080009ed   Thumb Code    46  stm32f0xx_adc.o(i.ADC_GetCalibrationFactor)
    ADC_GetConversionValue                   0x08000a1b   Thumb Code     6  stm32f0xx_adc.o(i.ADC_GetConversionValue)
    ADC_GetFlagStatus                        0x08000a21   Thumb Code    28  stm32f0xx_adc.o(i.ADC_GetFlagStatus)
    ADC_Init                                 0x08000a3d   Thumb Code    38  stm32f0xx_adc.o(i.ADC_Init)
    ADC_StartOfConversion                    0x08000a69   Thumb Code    10  stm32f0xx_adc.o(i.ADC_StartOfConversion)
    ADC_WaitModeCmd                          0x08000a73   Thumb Code    20  stm32f0xx_adc.o(i.ADC_WaitModeCmd)
    EXTI0_1_IRQHandler                       0x08000a89   Thumb Code    92  delay.o(i.EXTI0_1_IRQHandler)
    EXTI_ClearITPendingBit                   0x08000aed   Thumb Code     6  stm32f0xx_exti.o(i.EXTI_ClearITPendingBit)
    EXTI_GetITStatus                         0x08000af9   Thumb Code    16  stm32f0xx_exti.o(i.EXTI_GetITStatus)
    GPIO_Init                                0x08000b0d   Thumb Code   112  stm32f0xx_gpio.o(i.GPIO_Init)
    GPIO_PinAFConfig                         0x08000b7d   Thumb Code    32  stm32f0xx_gpio.o(i.GPIO_PinAFConfig)
    NVIC_Init                                0x08000b9d   Thumb Code    70  stm32f0xx_misc.o(i.NVIC_Init)
    RCC_AHBPeriphClockCmd                    0x08000c31   Thumb Code    18  stm32f0xx_rcc.o(i.RCC_AHBPeriphClockCmd)
    RCC_APB1PeriphClockCmd                   0x08000c49   Thumb Code    18  stm32f0xx_rcc.o(i.RCC_APB1PeriphClockCmd)
    RCC_APB1PeriphResetCmd                   0x08000c61   Thumb Code    18  stm32f0xx_rcc.o(i.RCC_APB1PeriphResetCmd)
    RCC_APB2PeriphClockCmd                   0x08000c79   Thumb Code    18  stm32f0xx_rcc.o(i.RCC_APB2PeriphClockCmd)
    RCC_APB2PeriphResetCmd                   0x08000c91   Thumb Code    18  stm32f0xx_rcc.o(i.RCC_APB2PeriphResetCmd)
    RCC_GetClocksFreq                        0x08000ca9   Thumb Code   208  stm32f0xx_rcc.o(i.RCC_GetClocksFreq)
    SysTick_Handler                          0x08000e29   Thumb Code    10  delay.o(i.SysTick_Handler)
    SystemInit                               0x08000e39   Thumb Code    84  system_stm32f0xx.o(i.SystemInit)
    TIM_Cmd                                  0x08000e99   Thumb Code    20  stm32f0xx_tim.o(i.TIM_Cmd)
    TIM_CtrlPWMOutputs                       0x08000ead   Thumb Code    24  stm32f0xx_tim.o(i.TIM_CtrlPWMOutputs)
    TIM_DeInit                               0x08000ec5   Thumb Code   152  stm32f0xx_tim.o(i.TIM_DeInit)
    TIM_OC1Init                              0x08000f79   Thumb Code   104  stm32f0xx_tim.o(i.TIM_OC1Init)
    TIM_OC1PreloadConfig                     0x08000ff5   Thumb Code    12  stm32f0xx_tim.o(i.TIM_OC1PreloadConfig)
    TIM_OC2Init                              0x08001001   Thumb Code   124  stm32f0xx_tim.o(i.TIM_OC2Init)
    TIM_OC2PreloadConfig                     0x08001091   Thumb Code    14  stm32f0xx_tim.o(i.TIM_OC2PreloadConfig)
    TIM_OC4Init                              0x080010a5   Thumb Code    78  stm32f0xx_tim.o(i.TIM_OC4Init)
    TIM_OC4PreloadConfig                     0x08001109   Thumb Code    14  stm32f0xx_tim.o(i.TIM_OC4PreloadConfig)
    TIM_OCStructInit                         0x0800111d   Thumb Code    20  stm32f0xx_tim.o(i.TIM_OCStructInit)
    TIM_SelectOnePulseMode                   0x08001131   Thumb Code    16  stm32f0xx_tim.o(i.TIM_SelectOnePulseMode)
    TIM_SelectOutputTrigger                  0x08001141   Thumb Code    16  stm32f0xx_tim.o(i.TIM_SelectOutputTrigger)
    TIM_TimeBaseInit                         0x08001151   Thumb Code    88  stm32f0xx_tim.o(i.TIM_TimeBaseInit)
    TIM_TimeBaseStructInit                   0x080011c5   Thumb Code    18  stm32f0xx_tim.o(i.TIM_TimeBaseStructInit)
    USART1_IRQHandler                        0x080011d9   Thumb Code    62  hardwareserial.o(i.USART1_IRQHandler)
    USART2_IRQHandler                        0x08001225   Thumb Code    62  hardwareserial.o(i.USART2_IRQHandler)
    USART_Cmd                                0x08001271   Thumb Code    20  stm32f0xx_usart.o(i.USART_Cmd)
    USART_GetFlagStatus                      0x08001285   Thumb Code    14  stm32f0xx_usart.o(i.USART_GetFlagStatus)
    USART_ITConfig                           0x08001293   Thumb Code    42  stm32f0xx_usart.o(i.USART_ITConfig)
    USART_Init                               0x080012bd   Thumb Code   128  stm32f0xx_usart.o(i.USART_Init)
    USART_ReceiveData                        0x08001349   Thumb Code     8  stm32f0xx_usart.o(i.USART_ReceiveData)
    USART_SendData                           0x08001351   Thumb Code     8  stm32f0xx_usart.o(i.USART_SendData)
    analogRead(int)                          0x08001359   Thumb Code    10  orz.o(i._Z10analogReadi)
    setPinMode(int, int)                     0x08001369   Thumb Code   772  orz.o(i._Z10setPinModeii)
    store_char(unsigned char, RingBuffer*)   0x0800169d   Thumb Code    42  hardwareserial.o(i._Z10store_charhP10RingBuffer)
    millisSince(unsigned long)               0x080016c7   Thumb Code    22  orz.o(i._Z11millisSincem)
    base64Encode(char*, char*, int)          0x080016dd   Thumb Code   168  main.o(i._Z12base64EncodePcS_i)
    digitalWrite(int, int)                   0x08001789   Thumb Code   138  orz.o(i._Z12digitalWriteii)
    updateRelays()                           0x08001829   Thumb Code   390  main.o(i._Z12updateRelaysv)
    isWithinWindow(char, char)               0x08001a99   Thumb Code    42  main.o(i._Z14isWithinWindowcc)
    parseHeatingInfo(char*)                  0x08001ac9   Thumb Code   684  main.o(i._Z16parseHeatingInfoPc)
    sampleTemperature()                      0x08001db5   Thumb Code   276  main.o(i._Z17sampleTemperaturev)
    synchroniseWithInternet(bool)            0x08001f3d   Thumb Code   386  main.o(i._Z23synchroniseWithInternetb)
    loop()                                   0x080021ed   Thumb Code   108  main.o(i._Z4loopv)
    debug(char*)                             0x0800228d   Thumb Code    42  main.o(i._Z5debugPc)
    setup()                                  0x080022c1   Thumb Code   326  main.o(i._Z5setupv)
    initUSART(USART_TypeDef*, unsigned)      0x08002459   Thumb Code   184  hardwareserial.o(i._Z9initUSARTP13USART_TypeDefj)
    HardwareSerial::read()                   0x0800251d   Thumb Code    40  hardwareserial.o(i._ZN14HardwareSerial4readEv)
    HardwareSerial::begin(long)              0x08002545   Thumb Code    10  hardwareserial.o(i._ZN14HardwareSerial5beginEl)
    HardwareSerial::flush()                  0x0800254f   Thumb Code    10  hardwareserial.o(i._ZN14HardwareSerial5flushEv)
    HardwareSerial::write(unsigned char)     0x08002559   Thumb Code    40  hardwareserial.o(i._ZN14HardwareSerial5writeEh)
    HardwareSerial::available()              0x08002581   Thumb Code    28  hardwareserial.o(i._ZN14HardwareSerial9availableEv)
    HardwareSerial::HardwareSerial(int)      0x0800259d   Thumb Code    28  hardwareserial.o(i._ZN14HardwareSerialC1Ei)
    HardwareSerial::HardwareSerial__sub_object(int) 0x0800259d   Thumb Code     0  hardwareserial.o(i._ZN14HardwareSerialC1Ei)
    HeatingESP8266::getHttpBody()            0x080025c9   Thumb Code     6  heatingesp8266.o(i._ZN14HeatingESP826611getHttpBodyEv)
    HeatingESP8266::sendHttpRequest(const char*, unsigned long) 0x080025d1   Thumb Code   114  heatingesp8266.o(i._ZN14HeatingESP826615sendHttpRequestEPKcm)
    HeatingESP8266::begin(HardwareSerial*, HardwareSerial*) 0x080026d1   Thumb Code    10  heatingesp8266.o(i._ZN14HeatingESP82665beginEP14HardwareSerialS1_)
    HeatingESP8266::hardReset()              0x080026db   Thumb Code     2  heatingesp8266.o(i._ZN14HeatingESP82669hardResetEv)
    HeatingESP8266::softReset()              0x080026dd   Thumb Code     2  heatingesp8266.o(i._ZN14HeatingESP82669softResetEv)
    HeatingESP8266::HeatingESP8266()         0x080026df   Thumb Code     2  heatingesp8266.o(i._ZN14HeatingESP8266C1Ev)
    HeatingESP8266::HeatingESP8266__sub_object() 0x080026df   Thumb Code     0  heatingesp8266.o(i._ZN14HeatingESP8266C1Ev)
    Print::printNumber(unsigned long, unsigned char) 0x080026e1   Thumb Code    80  print.o(i._ZN5Print11printNumberEmh)
    Print::print(const char*)                0x08002731   Thumb Code     6  print.o(i._ZN5Print5printEPKc)
    Print::print(char, int)                  0x08002737   Thumb Code     8  print.o(i._ZN5Print5printEci)
    Print::print(unsigned char, int)         0x0800273f   Thumb Code     8  print.o(i._ZN5Print5printEhi)
    Print::print(int, int)                   0x08002747   Thumb Code     8  print.o(i._ZN5Print5printEii)
    Print::print(unsigned, int)              0x0800274f   Thumb Code     8  print.o(i._ZN5Print5printEji)
    Print::print(long, int)                  0x08002757   Thumb Code    56  print.o(i._ZN5Print5printEli)
    Print::print(unsigned long, int)         0x0800278f   Thumb Code    24  print.o(i._ZN5Print5printEmi)
    Print::write(const char*)                0x080027a7   Thumb Code    26  print.o(i._ZN5Print5writeEPKc)
    Print::println(const char*)              0x080027c1   Thumb Code    16  print.o(i._ZN5Print7printlnEPKc)
    Print::println(unsigned char, int)       0x080027d1   Thumb Code    16  print.o(i._ZN5Print7printlnEhi)
    Print::println(int, int)                 0x080027e1   Thumb Code    16  print.o(i._ZN5Print7printlnEii)
    Print::println(unsigned, int)            0x080027f1   Thumb Code    16  print.o(i._ZN5Print7printlnEji)
    Print::println()                         0x08002801   Thumb Code    24  print.o(i._ZN5Print7printlnEv)
    ESP8266::addToBuffer(char)               0x08002819   Thumb Code    24  esp8266.o(i._ZN7ESP826611addToBufferEc)
    ESP8266::connectToAP(const char*, const char*, unsigned) 0x08002831   Thumb Code   184  esp8266.o(i._ZN7ESP826611connectToAPEPKcS1_j)
    ESP8266::sendToServer(char*, char*, char*, char*, unsigned) 0x08002949   Thumb Code   116  esp8266.o(i._ZN7ESP826612sendToServerEPcS0_S0_S0_j)
    ESP8266::readServerResponse(char*, int, unsigned) 0x080029f9   Thumb Code    90  esp8266.o(i._ZN7ESP826618readServerResponseEPcij)
    ESP8266::sendPartialCommand(const char*) 0x08002a61   Thumb Code    40  esp8266.o(i._ZN7ESP826618sendPartialCommandEPKc)
    ESP8266::closeServerConnection()         0x08002a9d   Thumb Code    16  esp8266.o(i._ZN7ESP826621closeServerConnectionEv)
    ESP8266::sendCommandAndWaitFor(const char*, const char*, unsigned) 0x08002ac1   Thumb Code    80  esp8266.o(i._ZN7ESP826621sendCommandAndWaitForEPKcS1_j)
    ESP8266::checkForStringInBuffer(const char*, const char*, int, int) 0x08002b25   Thumb Code    60  esp8266.o(i._ZN7ESP826622checkForStringInBufferEPKcS1_ii)
    ESP8266::init(HardwareSerial*, HardwareSerial*) 0x08002b61   Thumb Code     6  esp8266.o(i._ZN7ESP82664initEP14HardwareSerialS1_)
    ESP8266::waitFor(const char*, unsigned)  0x08002b69   Thumb Code   114  esp8266.o(i._ZN7ESP82667waitForEPKcj)
    __0sprintf$1                             0x08002be9   Thumb Code    36  printf1.o(i.__0sprintf$1)
    __1sprintf$1                             0x08002be9   Thumb Code     0  printf1.o(i.__0sprintf$1)
    __2sprintf                               0x08002be9   Thumb Code     0  printf1.o(i.__0sprintf$1)
    __ARM_clz                                0x08002c11   Thumb Code    46  depilogue.o(i.__ARM_clz)
    __scatterload_copy                       0x08002c3f   Thumb Code    14  handlers.o(i.__scatterload_copy)
    __scatterload_null                       0x08002c4d   Thumb Code     2  handlers.o(i.__scatterload_null)
    __scatterload_zeroinit                   0x08002c4f   Thumb Code    14  handlers.o(i.__scatterload_zeroinit)
    __set_errno                              0x08002c5d   Thumb Code     6  errno.o(i.__set_errno)
    delay                                    0x08002deb   Thumb Code    14  delay.o(i.delay)
    delayMicroseconds                        0x08002df9   Thumb Code    32  delay.o(i.delayMicroseconds)
    initialiseOnce                           0x08002e1d   Thumb Code    38  delay.o(i.initialiseOnce)
    __mathlib_logf                           0x08002e4d   Thumb Code     0  logf.o(i.logf)
    logf                                     0x08002e4d   Thumb Code   338  logf.o(i.logf)
    main                                     0x08002fcd   Thumb Code    10  main.o(i.main)
    micros                                   0x08002fd9   Thumb Code    12  delay.o(i.micros)
    millis                                   0x08002fe9   Thumb Code    20  delay.o(i.millis)
    vtable for HardwareSerial                0x080030d4   Data          20  hardwareserial.o(.constdata__ZTV14HardwareSerial)
    Region$$Table$$Base                      0x0800312c   Number         0  anon$$obj.o(Region$$Table)
    Region$$Table$$Limit                     0x0800314c   Number         0  anon$$obj.o(Region$$Table)
    SHT$$INIT_ARRAY$$Base                    0x0800314c   Number         0  main.o(.init_array)
    SHT$$INIT_ARRAY$$Limit                   0x08003154   Number         0  hardwareserial.o(.init_array)
    isHeatingInfoChangedLocally_m            0x20000010   Data           1  main.o(.data)
    BASE64_CHARS                             0x20000014   Data           4  main.o(.data)
    lLastTimeCheckTime_m                     0x20000018   Data           4  main.o(.data)
    lLastSynchroniseSendTime_m               0x2000001c   Data           4  main.o(.data)
    lLastSynchroniseSuccessTime_m            0x20000020   Data           4  main.o(.data)
    lLastTemperatureSampleTime_m             0x20000024   Data           4  main.o(.data)
    lMaxInternetSyncDelayMillis_m            0x20000028   Data           4  main.o(.data)
    iNumFailedInternetSyncs_m                0x2000002c   Data           4  main.o(.data)
    vsProgmemBuffer_m                        0x20000030   Data           4  main.o(.data)
    rtc_m                                    0x20000034   Data           8  main.o(.data)
    SystemCoreClock                          0x2000003c   Data           4  system_stm32f0xx.o(.data)
    AHBPrescTable                            0x20000040   Data          16  system_stm32f0xx.o(.data)
    isInitialised_m                          0x20000054   Data           4  delay.o(.data)
    microsecondTicks_m                       0x20000058   Data           4  delay.o(.data)
    isNVICInitialised_m                      0x2000005c   Data           4  delay.o(.data)
    iWossnameCounter_m                       0x20000060   Data           4  delay.o(.data)
    iWossnameCounter2_m                      0x20000064   Data           4  delay.o(.data)
    temperatureSamples_m                     0x20000078   Data          12  main.o(.bss)
    wifly_m                                  0x20000084   Data         520  main.o(.bss)
    vsSendBuffer_m                           0x2000028c   Data          70  main.o(.bss)
    vsBase64SendBuffer_m                     0x200002d2   Data          90  main.o(.bss)
    heatingInfo_m                            0x2000032c   Data          84  main.o(.bss)
    rxBuffer_m                               0x20000380   Data         136  hardwareserial.o(.bss)
    rxBuffer1_m                              0x20000408   Data         136  hardwareserial.o(.bss)
    Serial                                   0x20000490   Data          12  hardwareserial.o(.bss)
    Serial1                                  0x2000049c   Data          12  hardwareserial.o(.bss)
    __initial_sp                             0x200008a8   Data           0  startup_stm32f0xx.o(STACK)



==============================================================================

Memory Map of the image

  Image Entry point : 0x080000d9

  Load Region LR_1 (Base: 0x08000000, Size: 0x000031cc, Max: 0xffffffff, ABSOLUTE)

    Execution Region ER_RO (Base: 0x08000000, Size: 0x00003154, Max: 0xffffffff, ABSOLUTE)

    Base Addr    Size         Type   Attr      Idx    E Section Name        Object

    0x08000000   0x000000c0   Data   RO         3314    RESET               startup_stm32f0xx.o
    0x080000c0   0x00000000   Code   RO         4826  * .ARM.Collect$$$$00000000  mc_p.l(entry.o)
    0x080000c0   0x00000004   Code   RO         5141    .ARM.Collect$$$$00000001  mc_p.l(entry2.o)
    0x080000c4   0x00000004   Code   RO         5144    .ARM.Collect$$$$00000004  mc_p.l(entry5.o)
    0x080000c8   0x00000000   Code   RO         5146    .ARM.Collect$$$$00000008  mc_p.l(entry7b.o)
    0x080000c8   0x00000004   Code   RO         5147    .ARM.Collect$$$$00000009  mc_p.l(entry8a.o)
    0x080000cc   0x00000000   Code   RO         5148    .ARM.Collect$$$$0000000A  mc_p.l(entry8b.o)
    0x080000cc   0x00000008   Code   RO         5149    .ARM.Collect$$$$0000000B  mc_p.l(entry9a.o)
    0x080000d4   0x00000000   Code   RO         5151    .ARM.Collect$$$$0000000D  mc_p.l(entry10a.o)
    0x080000d4   0x00000000   Code   RO         5153    .ARM.Collect$$$$0000000F  mc_p.l(entry11a.o)
    0x080000d4   0x00000004   Code   RO         5142    .ARM.Collect$$$$00002712  mc_p.l(entry2.o)
    0x080000d8   0x0000001c   Code   RO         3315  * .text               startup_stm32f0xx.o
    0x080000f4   0x0000002c   Code   RO         4829    .text               mc_p.l(uidiv.o)
    0x08000120   0x00000028   Code   RO         4831    .text               mc_p.l(idiv.o)
    0x08000148   0x00000024   Code   RO         4833    .text               mc_p.l(memseta.o)
    0x0800016c   0x00000018   Code   RO         4835    .text               mc_p.l(strcat.o)
    0x08000184   0x0000001a   Code   RO         4837    .text               mc_p.l(strncpy.o)
    0x0800019e   0x0000000e   Code   RO         4839    .text               mc_p.l(strlen.o)
    0x080001ac   0x00000012   Code   RO         4841    .text               mc_p.l(strcpy.o)
    0x080001be   0x00000002   PAD
    0x080001c0   0x00000020   Code   RO         5107    .text               mc_p.l(cpp_init.o)
    0x080001e0   0x00000164   Code   RO         5109    .text               mf_p.l(dadd.o)
    0x08000344   0x000000d0   Code   RO         5111    .text               mf_p.l(dmul.o)
    0x08000414   0x000000f0   Code   RO         5113    .text               mf_p.l(ddiv.o)
    0x08000504   0x0000002c   Code   RO         5115    .text               mf_p.l(dscalb.o)
    0x08000530   0x0000001c   Code   RO         5119    .text               mf_p.l(dfltui.o)
    0x0800054c   0x00000048   Code   RO         5121    .text               mf_p.l(dfixi.o)
    0x08000594   0x00000028   Code   RO         5125    .text               mf_p.l(f2d.o)
    0x080005bc   0x00000038   Code   RO         5129    .text               mf_p.l(d2f.o)
    0x080005f4   0x00000020   Code   RO         5160    .text               mc_p.l(llshl.o)
    0x08000614   0x00000022   Code   RO         5162    .text               mc_p.l(llushr.o)
    0x08000636   0x00000026   Code   RO         5164    .text               mc_p.l(llsshr.o)
    0x0800065c   0x00000000   Code   RO         5173    .text               mc_p.l(iusefp.o)
    0x0800065c   0x00000084   Code   RO         5174    .text               mf_p.l(fepilogue.o)
    0x080006e0   0x000000b2   Code   RO         5176    .text               mf_p.l(fadd.o)
    0x08000792   0x0000007a   Code   RO         5178    .text               mf_p.l(fmul.o)
    0x0800080c   0x0000007c   Code   RO         5180    .text               mf_p.l(fdiv.o)
    0x08000888   0x00000018   Code   RO         5182    .text               mf_p.l(fscalb.o)
    0x080008a0   0x000000c0   Code   RO         5184    .text               mf_p.l(depilogue.o)
    0x08000960   0x00000016   Code   RO         5188    .text               mf_p.l(fflti.o)
    0x08000976   0x00000002   PAD
    0x08000978   0x00000024   Code   RO         5194    .text               mc_p.l(init.o)
    0x0800099c   0x00000014   Code   RO            7    i.ADC_AutoPowerOffCmd  stm32f0xx_adc.o
    0x080009b0   0x0000000a   Code   RO            8    i.ADC_ChannelConfig  stm32f0xx_adc.o
    0x080009ba   0x00000012   Code   RO           11    i.ADC_Cmd           stm32f0xx_adc.o
    0x080009cc   0x00000020   Code   RO           15    i.ADC_DeInit        stm32f0xx_adc.o
    0x080009ec   0x0000002e   Code   RO           17    i.ADC_GetCalibrationFactor  stm32f0xx_adc.o
    0x08000a1a   0x00000006   Code   RO           18    i.ADC_GetConversionValue  stm32f0xx_adc.o
    0x08000a20   0x0000001c   Code   RO           19    i.ADC_GetFlagStatus  stm32f0xx_adc.o
    0x08000a3c   0x0000002c   Code   RO           22    i.ADC_Init          stm32f0xx_adc.o
    0x08000a68   0x0000000a   Code   RO           25    i.ADC_StartOfConversion  stm32f0xx_adc.o
    0x08000a72   0x00000014   Code   RO           31    i.ADC_WaitModeCmd   stm32f0xx_adc.o
    0x08000a86   0x00000002   PAD
    0x08000a88   0x00000064   Code   RO         4627    i.EXTI0_1_IRQHandler  delay.o
    0x08000aec   0x0000000c   Code   RO          763    i.EXTI_ClearITPendingBit  stm32f0xx_exti.o
    0x08000af8   0x00000014   Code   RO          767    i.EXTI_GetITStatus  stm32f0xx_exti.o
    0x08000b0c   0x00000070   Code   RO         1018    i.GPIO_Init         stm32f0xx_gpio.o
    0x08000b7c   0x00000020   Code   RO         1019    i.GPIO_PinAFConfig  stm32f0xx_gpio.o
    0x08000b9c   0x00000050   Code   RO         1440    i.NVIC_Init         stm32f0xx_misc.o
    0x08000bec   0x00000044   Code   RO         4628    i.NVIC_SetPriority  delay.o
    0x08000c30   0x00000018   Code   RO         1553    i.RCC_AHBPeriphClockCmd  stm32f0xx_rcc.o
    0x08000c48   0x00000018   Code   RO         1555    i.RCC_APB1PeriphClockCmd  stm32f0xx_rcc.o
    0x08000c60   0x00000018   Code   RO         1556    i.RCC_APB1PeriphResetCmd  stm32f0xx_rcc.o
    0x08000c78   0x00000018   Code   RO         1557    i.RCC_APB2PeriphClockCmd  stm32f0xx_rcc.o
    0x08000c90   0x00000018   Code   RO         1558    i.RCC_APB2PeriphResetCmd  stm32f0xx_rcc.o
    0x08000ca8   0x000000e8   Code   RO         1567    i.RCC_GetClocksFreq  stm32f0xx_rcc.o
    0x08000d90   0x00000098   Code   RO         4267    i.SetSysClock       system_stm32f0xx.o
    0x08000e28   0x00000010   Code   RO         4629    i.SysTick_Handler   delay.o
    0x08000e38   0x00000060   Code   RO         4269    i.SystemInit        system_stm32f0xx.o
    0x08000e98   0x00000014   Code   RO         2396    i.TIM_Cmd           stm32f0xx_tim.o
    0x08000eac   0x00000018   Code   RO         2398    i.TIM_CtrlPWMOutputs  stm32f0xx_tim.o
    0x08000ec4   0x000000b4   Code   RO         2401    i.TIM_DeInit        stm32f0xx_tim.o
    0x08000f78   0x0000007c   Code   RO         2425    i.TIM_OC1Init       stm32f0xx_tim.o
    0x08000ff4   0x0000000c   Code   RO         2428    i.TIM_OC1PreloadConfig  stm32f0xx_tim.o
    0x08001000   0x00000090   Code   RO         2430    i.TIM_OC2Init       stm32f0xx_tim.o
    0x08001090   0x00000014   Code   RO         2433    i.TIM_OC2PreloadConfig  stm32f0xx_tim.o
    0x080010a4   0x00000064   Code   RO         2440    i.TIM_OC4Init       stm32f0xx_tim.o
    0x08001108   0x00000014   Code   RO         2442    i.TIM_OC4PreloadConfig  stm32f0xx_tim.o
    0x0800111c   0x00000014   Code   RO         2443    i.TIM_OCStructInit  stm32f0xx_tim.o
    0x08001130   0x00000010   Code   RO         2454    i.TIM_SelectOnePulseMode  stm32f0xx_tim.o
    0x08001140   0x00000010   Code   RO         2455    i.TIM_SelectOutputTrigger  stm32f0xx_tim.o
    0x08001150   0x00000074   Code   RO         2469    i.TIM_TimeBaseInit  stm32f0xx_tim.o
    0x080011c4   0x00000012   Code   RO         2470    i.TIM_TimeBaseStructInit  stm32f0xx_tim.o
    0x080011d6   0x00000002   PAD
    0x080011d8   0x0000004c   Code   RO         4304    i.USART1_IRQHandler  hardwareserial.o
    0x08001224   0x0000004c   Code   RO         4305    i.USART2_IRQHandler  hardwareserial.o
    0x08001270   0x00000014   Code   RO         2945    i.USART_Cmd         stm32f0xx_usart.o
    0x08001284   0x0000000e   Code   RO         2953    i.USART_GetFlagStatus  stm32f0xx_usart.o
    0x08001292   0x0000002a   Code   RO         2956    i.USART_ITConfig    stm32f0xx_usart.o
    0x080012bc   0x0000008c   Code   RO         2957    i.USART_Init        stm32f0xx_usart.o
    0x08001348   0x00000008   Code   RO         2969    i.USART_ReceiveData  stm32f0xx_usart.o
    0x08001350   0x00000008   Code   RO         2974    i.USART_SendData    stm32f0xx_usart.o
    0x08001358   0x00000010   Code   RO         4557    i._Z10analogReadi   orz.o
    0x08001368   0x00000334   Code   RO         4559    i._Z10setPinModeii  orz.o
    0x0800169c   0x0000002a   Code   RO         4385    i._Z10store_charhP10RingBuffer  hardwareserial.o
    0x080016c6   0x00000016   Code   RO         4562    i._Z11millisSincem  orz.o
    0x080016dc   0x000000ac   Code   RO         3321    i._Z12base64EncodePcS_i  main.o
    0x08001788   0x000000a0   Code   RO         4563    i._Z12digitalWriteii  orz.o
    0x08001828   0x00000270   Code   RO         3322    i._Z12updateRelaysv  main.o
    0x08001a98   0x00000030   Code   RO         3323    i._Z14isWithinWindowcc  main.o
    0x08001ac8   0x000002ec   Code   RO         3324    i._Z16parseHeatingInfoPc  main.o
    0x08001db4   0x00000188   Code   RO         3325    i._Z17sampleTemperaturev  main.o
    0x08001f3c   0x000002b0   Code   RO         3326    i._Z23synchroniseWithInternetb  main.o
    0x080021ec   0x000000a0   Code   RO         3334    i._Z4loopv          main.o
    0x0800228c   0x00000034   Code   RO         3335    i._Z5debugPc        main.o
    0x080022c0   0x00000198   Code   RO         3336    i._Z5setupv         main.o
    0x08002458   0x000000c4   Code   RO         4306    i._Z9initUSARTP13USART_TypeDefj  hardwareserial.o
    0x0800251c   0x00000028   Code   RO         4308    i._ZN14HardwareSerial4readEv  hardwareserial.o
    0x08002544   0x0000000a   Code   RO         4309    i._ZN14HardwareSerial5beginEl  hardwareserial.o
    0x0800254e   0x0000000a   Code   RO         4310    i._ZN14HardwareSerial5flushEv  hardwareserial.o
    0x08002558   0x00000028   Code   RO         4311    i._ZN14HardwareSerial5writeEh  hardwareserial.o
    0x08002580   0x0000001c   Code   RO         4312    i._ZN14HardwareSerial9availableEv  hardwareserial.o
    0x0800259c   0x0000002c   Code   RO         4313    i._ZN14HardwareSerialC1Ei  hardwareserial.o
    0x080025c8   0x00000006   Code   RO         3789    i._ZN14HeatingESP826611getHttpBodyEv  heatingesp8266.o
    0x080025ce   0x00000002   PAD
    0x080025d0   0x00000100   Code   RO         3790    i._ZN14HeatingESP826615sendHttpRequestEPKcm  heatingesp8266.o
    0x080026d0   0x0000000a   Code   RO         3792    i._ZN14HeatingESP82665beginEP14HardwareSerialS1_  heatingesp8266.o
    0x080026da   0x00000002   Code   RO         3793    i._ZN14HeatingESP82669hardResetEv  heatingesp8266.o
    0x080026dc   0x00000002   Code   RO         3794    i._ZN14HeatingESP82669softResetEv  heatingesp8266.o
    0x080026de   0x00000002   Code   RO         3795    i._ZN14HeatingESP8266C1Ev  heatingesp8266.o
    0x080026e0   0x00000050   Code   RO         4403    i._ZN5Print11printNumberEmh  print.o
    0x08002730   0x00000006   Code   RO         4404    i._ZN5Print5printEPKc  print.o
    0x08002736   0x00000008   Code   RO         4405    i._ZN5Print5printEci  print.o
    0x0800273e   0x00000008   Code   RO         4407    i._ZN5Print5printEhi  print.o
    0x08002746   0x00000008   Code   RO         4408    i._ZN5Print5printEii  print.o
    0x0800274e   0x00000008   Code   RO         4409    i._ZN5Print5printEji  print.o
    0x08002756   0x00000038   Code   RO         4410    i._ZN5Print5printEli  print.o
    0x0800278e   0x00000018   Code   RO         4411    i._ZN5Print5printEmi  print.o
    0x080027a6   0x0000001a   Code   RO         4412    i._ZN5Print5writeEPKc  print.o
    0x080027c0   0x00000010   Code   RO         4415    i._ZN5Print7printlnEPKc  print.o
    0x080027d0   0x00000010   Code   RO         4418    i._ZN5Print7printlnEhi  print.o
    0x080027e0   0x00000010   Code   RO         4419    i._ZN5Print7printlnEii  print.o
    0x080027f0   0x00000010   Code   RO         4420    i._ZN5Print7printlnEji  print.o
    0x08002800   0x00000018   Code   RO         4423    i._ZN5Print7printlnEv  print.o
    0x08002818   0x00000018   Code   RO         3865    i._ZN7ESP826611addToBufferEc  esp8266.o
    0x08002830   0x00000118   Code   RO         3866    i._ZN7ESP826611connectToAPEPKcS1_j  esp8266.o
    0x08002948   0x000000b0   Code   RO         3867    i._ZN7ESP826612sendToServerEPcS0_S0_S0_j  esp8266.o
    0x080029f8   0x00000068   Code   RO         3869    i._ZN7ESP826618readServerResponseEPcij  esp8266.o
    0x08002a60   0x0000003c   Code   RO         3870    i._ZN7ESP826618sendPartialCommandEPKc  esp8266.o
    0x08002a9c   0x00000024   Code   RO         3871    i._ZN7ESP826621closeServerConnectionEv  esp8266.o
    0x08002ac0   0x00000064   Code   RO         3872    i._ZN7ESP826621sendCommandAndWaitForEPKcS1_j  esp8266.o
    0x08002b24   0x0000003c   Code   RO         3873    i._ZN7ESP826622checkForStringInBufferEPKcS1_ii  esp8266.o
    0x08002b60   0x00000006   Code   RO         3874    i._ZN7ESP82664initEP14HardwareSerialS1_  esp8266.o
    0x08002b66   0x00000002   PAD
    0x08002b68   0x00000080   Code   RO         3875    i._ZN7ESP82667waitForEPKcj  esp8266.o
    0x08002be8   0x00000028   Code   RO         4890    i.__0sprintf$1      mc_p.l(printf1.o)
    0x08002c10   0x0000002e   Code   RO         5186    i.__ARM_clz         mf_p.l(depilogue.o)
    0x08002c3e   0x0000000e   Code   RO         5200    i.__scatterload_copy  mc_p.l(handlers.o)
    0x08002c4c   0x00000002   Code   RO         5201    i.__scatterload_null  mc_p.l(handlers.o)
    0x08002c4e   0x0000000e   Code   RO         5202    i.__scatterload_zeroinit  mc_p.l(handlers.o)
    0x08002c5c   0x0000000c   Code   RO         5168    i.__set_errno       mc_p.l(errno.o)
    0x08002c68   0x0000001c   Code   RO         4314    i.__sti___18_HardwareSerial_cpp  hardwareserial.o
    0x08002c84   0x00000010   Code   RO         3337    i.__sti___8_main_cpp  main.o
    0x08002c94   0x0000014c   Code   RO         4895    i._printf_core      mc_p.l(printf1.o)
    0x08002de0   0x0000000a   Code   RO         4897    i._sputc            mc_p.l(printf1.o)
    0x08002dea   0x0000000e   Code   RO         4631    i.delay             delay.o
    0x08002df8   0x00000024   Code   RO         4632    i.delayMicroseconds  delay.o
    0x08002e1c   0x00000030   Code   RO         4635    i.initialiseOnce    delay.o
    0x08002e4c   0x00000180   Code   RO         4817    i.logf              m_ps.l(logf.o)
    0x08002fcc   0x0000000a   Code   RO         3338    i.main              main.o
    0x08002fd6   0x00000002   PAD
    0x08002fd8   0x00000010   Code   RO         4636    i.micros            delay.o
    0x08002fe8   0x00000018   Code   RO         4637    i.millis            delay.o
    0x08003000   0x00000094   Data   RO         3358    .constdata          main.o
    0x08003094   0x00000040   Data   RO         4818    .constdata          m_ps.l(logf.o)
    0x080030d4   0x00000014   Data   RO         4384    .constdata__ZTV14HardwareSerial  hardwareserial.o
    0x080030e8   0x00000041   Data   RO         3360    .conststring        main.o
    0x08003129   0x00000003   PAD
    0x0800312c   0x00000020   Data   RO         5198    Region$$Table       anon$$obj.o
    0x0800314c   0x00000004   Data   RO         3364    .init_array         main.o
    0x08003150   0x00000004   Data   RO         4327    .init_array         hardwareserial.o


    Execution Region ER_RW (Base: 0x20000000, Size: 0x00000078, Max: 0xffffffff, ABSOLUTE)

    Base Addr    Size         Type   Attr      Idx    E Section Name        Object

    0x20000000   0x00000010   Data   RW         1591    .data               stm32f0xx_rcc.o
    0x20000010   0x0000002c   Data   RW         3362    .data               main.o
    0x2000003c   0x00000014   Data   RW         4270    .data               system_stm32f0xx.o
    0x20000050   0x00000024   Data   RW         4638    .data               delay.o
    0x20000074   0x00000004   Data   RW         5169    .data               mc_p.l(errno.o)


    Execution Region ER_ZI (Base: 0x20000078, Size: 0x00000830, Max: 0xffffffff, ABSOLUTE)

    Base Addr    Size         Type   Attr      Idx    E Section Name        Object

    0x20000078   0x00000308   Zero   RW         3357    .bss                main.o
    0x20000380   0x00000128   Zero   RW         4326    .bss                hardwareserial.o
    0x200004a8   0x00000400   Zero   RW         3312    STACK               startup_stm32f0xx.o


==============================================================================

Image component sizes


      Code (inc. data)   RO Data    RW Data    ZI Data      Debug   Object Name

       322         44          0         36          0      10002   delay.o
       974        244          0          0          0       9333   esp8266.o
       590         62         24          0        296       6961   hardwareserial.o
       278        142          0          0          0       3392   heatingesp8266.o
         0          0          0          0          0       1152   liquidcrystal.o
      3318        876        217         44        776     120331   main.o
      1018         76          0          0          0       3227   orz.o
       312          0          0          0          0       7068   print.o
         0          0          0          0          0     125744   rtc.o
        28          8        192          0       1024        560   startup_stm32f0xx.o
       234         10          0          0          0     110862   stm32f0xx_adc.o
        32         10          0          0          0        884   stm32f0xx_exti.o
       144          0          0          0          0       5611   stm32f0xx_gpio.o
         0          0          0          0          0      83828   stm32f0xx_it.o
        80         10          0          0          0       1576   stm32f0xx_misc.o
       352         54          0         16          0      13836   stm32f0xx_rcc.o
       830        130          0          0          0      27780   stm32f0xx_tim.o
       232         12          0          0          0      12781   stm32f0xx_usart.o
       248         22          0         20          0       1557   system_stm32f0xx.o

    ----------------------------------------------------------------------
      9002       1700        468        116       2096     546485   Object Totals
         0          0         32          0          0          0   (incl. Generated)
        10          0          3          0          0          0   (incl. Padding)

    ----------------------------------------------------------------------

      Code (inc. data)   RO Data    RW Data    ZI Data      Debug   Library Member Name

       384         46         64          0          0         76   logf.o
        32         10          0          0          0         72   cpp_init.o
         0          0          0          0          0          0   entry.o
         0          0          0          0          0          0   entry10a.o
         0          0          0          0          0          0   entry11a.o
         8          4          0          0          0          0   entry2.o
         4          0          0          0          0          0   entry5.o
         0          0          0          0          0          0   entry7b.o
         4          0          0          0          0          0   entry8a.o
         0          0          0          0          0          0   entry8b.o
         8          4          0          0          0          0   entry9a.o
        12          6          0          4          0         60   errno.o
        30          0          0          0          0          0   handlers.o
        40          0          0          0          0         72   idiv.o
        36          8          0          0          0         68   init.o
         0          0          0          0          0          0   iusefp.o
        32          0          0          0          0         68   llshl.o
        38          0          0          0          0         68   llsshr.o
        34          0          0          0          0         68   llushr.o
        36          0          0          0          0        100   memseta.o
       382         10          0          0          0        224   printf1.o
        24          0          0          0          0         60   strcat.o
        18          0          0          0          0         60   strcpy.o
        14          0          0          0          0         60   strlen.o
        26          0          0          0          0         68   strncpy.o
        44          0          0          0          0         72   uidiv.o
        56          0          0          0          0         68   d2f.o
       356          6          0          0          0        140   dadd.o
       240          6          0          0          0         84   ddiv.o
       238          0          0          0          0        216   depilogue.o
        72         10          0          0          0         72   dfixi.o
        28          4          0          0          0         68   dfltui.o
       208          6          0          0          0         88   dmul.o
        44          0          0          0          0         72   dscalb.o
        40          0          0          0          0         60   f2d.o
       178          0          0          0          0        108   fadd.o
       124          0          0          0          0         72   fdiv.o
       132          0          0          0          0        144   fepilogue.o
        22          0          0          0          0         68   fflti.o
       122          0          0          0          0         72   fmul.o
        24          0          0          0          0         60   fscalb.o

    ----------------------------------------------------------------------
      3094        120         64          4          0       2588   Library Totals
         4          0          0          0          0          0   (incl. Padding)

    ----------------------------------------------------------------------

      Code (inc. data)   RO Data    RW Data    ZI Data      Debug   Library Name

       384         46         64          0          0         76   m_ps.l
       822         42          0          4          0       1120   mc_p.l
      1884         32          0          0          0       1392   mf_p.l

    ----------------------------------------------------------------------
      3094        120         64          4          0       2588   Library Totals

    ----------------------------------------------------------------------

==============================================================================


      Code (inc. data)   RO Data    RW Data    ZI Data      Debug   

     12096       1820        532        120       2096     543037   Grand Totals
     12096       1820        532        120       2096     543037   ELF Image Totals
     12096       1820        532        120          0          0   ROM Totals

==============================================================================

    Total RO  Size (Code + RO Data)                12628 (  12.33kB)
    Total RW  Size (RW Data + ZI Data)              2216 (   2.16kB)
    Total ROM Size (Code + RO Data + RW Data)      12748 (  12.45kB)

==============================================================================

