<html>
<body>
<pre>
<h1>µVision Build Log</h1>
<h2>Project:</h2>
C:\Users\Michael\Documents\My Dropbox\ARM\Keil\HeatingTimer2\HeatingTimer.uvgui.uvproj
Project File Date:  01/03/2015

<h2>Output:</h2>
Build target 'STM32F0-Discovery'
compiling main.cpp...
project_files\HeatingESP8266.h(47): warning:  #1-D: last line of file ends without a newline
project_files\main.cpp(93): warning:  #177-D: variable "RTC_UPDATE_TIME_MILLIS" was declared but never referenced
project_files\main.cpp(125): warning:  #177-D: variable "WIFLY_POWER_PIN" was declared but never referenced
project_files\main.cpp(130): warning:  #177-D: variable "PARSE_STATE_FOUND_ASTERISK" was declared but never referenced
project_files\main.cpp(131): warning:  #177-D: variable "PARSE_STATE_FOUND_OPEN" was declared but never referenced
project_files\main.cpp(132): warning:  #177-D: variable "PARSE_STATE_FOUND_NEWLINE" was declared but never referenced
project_files\main.cpp(133): warning:  #177-D: variable "PARSE_STATE_READING_MESSAGE_BODY" was declared but never referenced
project_files\main.cpp(141): warning:  #177-D: variable "MAX_HTTP_BODY_CHARS_TO_READ" was declared but never referenced
project_files\main.cpp(147): warning:  #177-D: variable "TEMPERATURE_SAMPLE_DELAY_MILLIS" was declared but never referenced
compiling HeatingESP8266.cpp...
.\project_files\HeatingESP8266.h(47): warning:  #1-D: last line of file ends without a newline
.\project_files\WifiDetails.h(26): warning:  #1-D: last line of file ends without a newline
linking...
Program Size: Code=12784 RO-data=460 RW-data=128 ZI-data=2096  
FromELF: creating hex file...
".\obj\Test3 (deleteme).axf" - 0 Errors, 11 Warning(s).
Load "C:\\Users\\Michael\\Documents\\My Dropbox\\ARM\\Keil\\HeatingTimer2\\obj\\Test3 (deleteme).axf" 
Erase Done.
Programming Done.
Verify OK.
Application running ...
Build target 'STM32F0-Discovery'
compiling main.cpp...
project_files\HeatingESP8266.h(47): warning:  #1-D: last line of file ends without a newline
project_files\main.cpp(93): warning:  #177-D: variable "RTC_UPDATE_TIME_MILLIS" was declared but never referenced
project_files\main.cpp(125): warning:  #177-D: variable "WIFLY_POWER_PIN" was declared but never referenced
project_files\main.cpp(130): warning:  #177-D: variable "PARSE_STATE_FOUND_ASTERISK" was declared but never referenced
project_files\main.cpp(131): warning:  #177-D: variable "PARSE_STATE_FOUND_OPEN" was declared but never referenced
project_files\main.cpp(132): warning:  #177-D: variable "PARSE_STATE_FOUND_NEWLINE" was declared but never referenced
project_files\main.cpp(133): warning:  #177-D: variable "PARSE_STATE_READING_MESSAGE_BODY" was declared but never referenced
project_files\main.cpp(141): warning:  #177-D: variable "MAX_HTTP_BODY_CHARS_TO_READ" was declared but never referenced
project_files\main.cpp(147): warning:  #177-D: variable "TEMPERATURE_SAMPLE_DELAY_MILLIS" was declared but never referenced
linking...
Program Size: Code=12784 RO-data=460 RW-data=128 ZI-data=2096  
FromELF: creating hex file...
".\obj\Test3 (deleteme).axf" - 0 Errors, 9 Warning(s).
Load "C:\\Users\\Michael\\Documents\\My Dropbox\\ARM\\Keil\\HeatingTimer2\\obj\\Test3 (deleteme).axf" 
Erase Done.
Programming Done.
Verify OK.
Application running ...
Build target 'STM32F0-Discovery'
compiling ESP8266.cpp...
linking...
Program Size: Code=12788 RO-data=460 RW-data=128 ZI-data=2096  
FromELF: creating hex file...
".\obj\Test3 (deleteme).axf" - 0 Errors, 0 Warning(s).
Load "C:\\Users\\Michael\\Documents\\My Dropbox\\ARM\\Keil\\HeatingTimer2\\obj\\Test3 (deleteme).axf" 
Erase Done.
Programming Done.
Verify OK.
Application running ...
Build target 'STM32F0-Discovery'
compiling main.cpp...
project_files\HeatingESP8266.h(47): warning:  #1-D: last line of file ends without a newline
project_files\main.cpp(93): warning:  #177-D: variable "RTC_UPDATE_TIME_MILLIS" was declared but never referenced
project_files\main.cpp(125): warning:  #177-D: variable "WIFLY_POWER_PIN" was declared but never referenced
project_files\main.cpp(130): warning:  #177-D: variable "PARSE_STATE_FOUND_ASTERISK" was declared but never referenced
project_files\main.cpp(131): warning:  #177-D: variable "PARSE_STATE_FOUND_OPEN" was declared but never referenced
project_files\main.cpp(132): warning:  #177-D: variable "PARSE_STATE_FOUND_NEWLINE" was declared but never referenced
project_files\main.cpp(133): warning:  #177-D: variable "PARSE_STATE_READING_MESSAGE_BODY" was declared but never referenced
project_files\main.cpp(141): warning:  #177-D: variable "MAX_HTTP_BODY_CHARS_TO_READ" was declared but never referenced
project_files\main.cpp(147): warning:  #177-D: variable "TEMPERATURE_SAMPLE_DELAY_MILLIS" was declared but never referenced
linking...
Program Size: Code=12800 RO-data=460 RW-data=128 ZI-data=2096  
FromELF: creating hex file...
".\obj\Test3 (deleteme).axf" - 0 Errors, 9 Warning(s).
Load "C:\\Users\\Michael\\Documents\\My Dropbox\\ARM\\Keil\\HeatingTimer2\\obj\\Test3 (deleteme).axf" 
Erase Done.
Programming Done.
Verify OK.
Application running ...
Build target 'STM32F0-Discovery'
compiling main.cpp...
project_files\HeatingESP8266.h(47): warning:  #1-D: last line of file ends without a newline
project_files\main.cpp(125): warning:  #177-D: variable "WIFLY_POWER_PIN" was declared but never referenced
project_files\main.cpp(130): warning:  #177-D: variable "PARSE_STATE_FOUND_ASTERISK" was declared but never referenced
project_files\main.cpp(131): warning:  #177-D: variable "PARSE_STATE_FOUND_OPEN" was declared but never referenced
project_files\main.cpp(132): warning:  #177-D: variable "PARSE_STATE_FOUND_NEWLINE" was declared but never referenced
project_files\main.cpp(133): warning:  #177-D: variable "PARSE_STATE_READING_MESSAGE_BODY" was declared but never referenced
project_files\main.cpp(141): warning:  #177-D: variable "MAX_HTTP_BODY_CHARS_TO_READ" was declared but never referenced
linking...
Program Size: Code=13288 RO-data=460 RW-data=128 ZI-data=2096  
FromELF: creating hex file...
".\obj\Test3 (deleteme).axf" - 0 Errors, 7 Warning(s).
Load "C:\\Users\\Michael\\Documents\\My Dropbox\\ARM\\Keil\\HeatingTimer2\\obj\\Test3 (deleteme).axf" 
Erase Done.
Programming Done.
Verify OK.
Application running ...
Build target 'STM32F0-Discovery'
compiling HeatingESP8266.cpp...
.\project_files\HeatingESP8266.h(47): warning:  #1-D: last line of file ends without a newline
.\project_files\WifiDetails.h(26): warning:  #1-D: last line of file ends without a newline
linking...
Program Size: Code=13332 RO-data=460 RW-data=128 ZI-data=2096  
FromELF: creating hex file...
".\obj\Test3 (deleteme).axf" - 0 Errors, 2 Warning(s).
Load "C:\\Users\\Michael\\Documents\\My Dropbox\\ARM\\Keil\\HeatingTimer2\\obj\\Test3 (deleteme).axf" 
Erase Done.
Programming Done.
Verify OK.
Application running ...
Build target 'STM32F0-Discovery'
compiling HeatingESP8266.cpp...
.\project_files\HeatingESP8266.h(47): warning:  #1-D: last line of file ends without a newline
.\project_files\WifiDetails.h(26): warning:  #1-D: last line of file ends without a newline
linking...
Program Size: Code=13340 RO-data=460 RW-data=128 ZI-data=2096  
FromELF: creating hex file...
".\obj\Test3 (deleteme).axf" - 0 Errors, 2 Warning(s).
Load "C:\\Users\\Michael\\Documents\\My Dropbox\\ARM\\Keil\\HeatingTimer2\\obj\\Test3 (deleteme).axf" 
Erase Done.
Programming Done.
Verify OK.
Application running ...
Build target 'STM32F0-Discovery'
compiling main.cpp...
project_files\HeatingESP8266.h(47): warning:  #1-D: last line of file ends without a newline
project_files\main.cpp(125): warning:  #177-D: variable "WIFLY_POWER_PIN" was declared but never referenced
project_files\main.cpp(130): warning:  #177-D: variable "PARSE_STATE_FOUND_ASTERISK" was declared but never referenced
project_files\main.cpp(131): warning:  #177-D: variable "PARSE_STATE_FOUND_OPEN" was declared but never referenced
project_files\main.cpp(132): warning:  #177-D: variable "PARSE_STATE_FOUND_NEWLINE" was declared but never referenced
project_files\main.cpp(133): warning:  #177-D: variable "PARSE_STATE_READING_MESSAGE_BODY" was declared but never referenced
project_files\main.cpp(141): warning:  #177-D: variable "MAX_HTTP_BODY_CHARS_TO_READ" was declared but never referenced
linking...
Program Size: Code=13372 RO-data=532 RW-data=128 ZI-data=2096  
FromELF: creating hex file...
".\obj\Test3 (deleteme).axf" - 0 Errors, 7 Warning(s).
Load "C:\\Users\\Michael\\Documents\\My Dropbox\\ARM\\Keil\\HeatingTimer2\\obj\\Test3 (deleteme).axf" 
Erase Done.
Programming Done.
Verify OK.
Application running ...
Build target 'STM32F0-Discovery'
compiling main.cpp...
project_files\HeatingESP8266.h(47): warning:  #1-D: last line of file ends without a newline
project_files\main.cpp(125): warning:  #177-D: variable "WIFLY_POWER_PIN" was declared but never referenced
project_files\main.cpp(130): warning:  #177-D: variable "PARSE_STATE_FOUND_ASTERISK" was declared but never referenced
project_files\main.cpp(131): warning:  #177-D: variable "PARSE_STATE_FOUND_OPEN" was declared but never referenced
project_files\main.cpp(132): warning:  #177-D: variable "PARSE_STATE_FOUND_NEWLINE" was declared but never referenced
project_files\main.cpp(133): warning:  #177-D: variable "PARSE_STATE_READING_MESSAGE_BODY" was declared but never referenced
project_files\main.cpp(141): warning:  #177-D: variable "MAX_HTTP_BODY_CHARS_TO_READ" was declared but never referenced
linking...
Program Size: Code=13572 RO-data=532 RW-data=128 ZI-data=2096  
FromELF: creating hex file...
".\obj\Test3 (deleteme).axf" - 0 Errors, 7 Warning(s).
Load "C:\\Users\\Michael\\Documents\\My Dropbox\\ARM\\Keil\\HeatingTimer2\\obj\\Test3 (deleteme).axf" 
Erase Done.
Programming Done.
Verify OK.
Application running ...
Build target 'STM32F0-Discovery'
compiling main.cpp...
project_files\HeatingESP8266.h(47): warning:  #1-D: last line of file ends without a newline
project_files\main.cpp(125): warning:  #177-D: variable "WIFLY_POWER_PIN" was declared but never referenced
project_files\main.cpp(130): warning:  #177-D: variable "PARSE_STATE_FOUND_ASTERISK" was declared but never referenced
project_files\main.cpp(131): warning:  #177-D: variable "PARSE_STATE_FOUND_OPEN" was declared but never referenced
project_files\main.cpp(132): warning:  #177-D: variable "PARSE_STATE_FOUND_NEWLINE" was declared but never referenced
project_files\main.cpp(133): warning:  #177-D: variable "PARSE_STATE_READING_MESSAGE_BODY" was declared but never referenced
project_files\main.cpp(141): warning:  #177-D: variable "MAX_HTTP_BODY_CHARS_TO_READ" was declared but never referenced
linking...
Program Size: Code=12456 RO-data=532 RW-data=120 ZI-data=2096  
FromELF: creating hex file...
".\obj\Test3 (deleteme).axf" - 0 Errors, 7 Warning(s).
Load "C:\\Users\\Michael\\Documents\\My Dropbox\\ARM\\Keil\\HeatingTimer2\\obj\\Test3 (deleteme).axf" 
Erase Done.
Programming Done.
Verify OK.
Application running ...
Build target 'STM32F0-Discovery'
compiling main.cpp...
project_files\HeatingESP8266.h(47): warning:  #1-D: last line of file ends without a newline
project_files\main.cpp(125): warning:  #177-D: variable "WIFLY_POWER_PIN" was declared but never referenced
project_files\main.cpp(130): warning:  #177-D: variable "PARSE_STATE_FOUND_ASTERISK" was declared but never referenced
project_files\main.cpp(131): warning:  #177-D: variable "PARSE_STATE_FOUND_OPEN" was declared but never referenced
project_files\main.cpp(132): warning:  #177-D: variable "PARSE_STATE_FOUND_NEWLINE" was declared but never referenced
project_files\main.cpp(133): warning:  #177-D: variable "PARSE_STATE_READING_MESSAGE_BODY" was declared but never referenced
project_files\main.cpp(141): warning:  #177-D: variable "MAX_HTTP_BODY_CHARS_TO_READ" was declared but never referenced
linking...
Program Size: Code=12096 RO-data=532 RW-data=120 ZI-data=2096  
FromELF: creating hex file...
".\obj\Test3 (deleteme).axf" - 0 Errors, 7 Warning(s).
Load "C:\\Users\\Michael\\Documents\\My Dropbox\\ARM\\Keil\\HeatingTimer2\\obj\\Test3 (deleteme).axf" 
Erase Done.
Programming Done.
Verify OK.
Application running ...
compiling main.cpp...
project_files\HeatingESP8266.h(47): warning:  #1-D: last line of file ends without a newline
project_files\main.cpp(125): warning:  #177-D: variable "WIFLY_POWER_PIN" was declared but never referenced
project_files\main.cpp(130): warning:  #177-D: variable "PARSE_STATE_FOUND_ASTERISK" was declared but never referenced
project_files\main.cpp(131): warning:  #177-D: variable "PARSE_STATE_FOUND_OPEN" was declared but never referenced
project_files\main.cpp(132): warning:  #177-D: variable "PARSE_STATE_FOUND_NEWLINE" was declared but never referenced
project_files\main.cpp(133): warning:  #177-D: variable "PARSE_STATE_READING_MESSAGE_BODY" was declared but never referenced
project_files\main.cpp(141): warning:  #177-D: variable "MAX_HTTP_BODY_CHARS_TO_READ" was declared but never referenced
"project_files\main.cpp" - 0 Errors, 7 Warning(s).
